Component: ARM Compiler 5.06 update 7 (build 960) Tool: armlink [4d3601]

==============================================================================

Section Cross References

    startup_stm32f446xx.o(RESET) refers to startup_stm32f446xx.o(STACK) for __initial_sp
    startup_stm32f446xx.o(RESET) refers to startup_stm32f446xx.o(.text) for Reset_Handler
    startup_stm32f446xx.o(RESET) refers to stm32f4xx_it.o(i.NMI_Handler) for NMI_Handler
    startup_stm32f446xx.o(RESET) refers to stm32f4xx_it.o(i.HardFault_Handler) for HardFault_Handler
    startup_stm32f446xx.o(RESET) refers to stm32f4xx_it.o(i.MemManage_Handler) for MemManage_Handler
    startup_stm32f446xx.o(RESET) refers to stm32f4xx_it.o(i.BusFault_Handler) for BusFault_Handler
    startup_stm32f446xx.o(RESET) refers to stm32f4xx_it.o(i.UsageFault_Handler) for UsageFault_Handler
    startup_stm32f446xx.o(RESET) refers to stm32f4xx_it.o(i.SVC_Handler) for SVC_Handler
    startup_stm32f446xx.o(RESET) refers to stm32f4xx_it.o(i.DebugMon_Handler) for DebugMon_Handler
    startup_stm32f446xx.o(RESET) refers to stm32f4xx_it.o(i.PendSV_Handler) for PendSV_Handler
    startup_stm32f446xx.o(RESET) refers to stm32f4xx_it.o(i.SysTick_Handler) for SysTick_Handler
    startup_stm32f446xx.o(.text) refers to system_stm32f4xx.o(i.SystemInit) for SystemInit
    startup_stm32f446xx.o(.text) refers to entry.o(.ARM.Collect$$$$00000000) for __main
    mpu6500.o(i.MPU6500Init) refers to stm32f4xx_hal_i2c.o(i.HAL_I2C_DeInit) for HAL_I2C_DeInit
    mpu6500.o(i.MPU6500Init) refers to stm32f4xx_hal_gpio.o(i.HAL_GPIO_Init) for HAL_GPIO_Init
    mpu6500.o(i.MPU6500Init) refers to stm32f4xx_hal.o(i.HAL_Delay) for HAL_Delay
    mpu6500.o(i.MPU6500Init) refers to stm32f4xx_hal_i2c.o(i.HAL_I2C_Init) for HAL_I2C_Init
    mpu6500.o(i.MPU6500Init) refers to inv_mpu.o(i.mpu_init) for mpu_init
    mpu6500.o(i.MPU6500Init) refers to inv_mpu.o(i.mpu_set_sensors) for mpu_set_sensors
    mpu6500.o(i.MPU6500Init) refers to inv_mpu.o(i.mpu_configure_fifo) for mpu_configure_fifo
    mpu6500.o(i.MPU6500Init) refers to inv_mpu.o(i.mpu_set_sample_rate) for mpu_set_sample_rate
    mpu6500.o(i.MPU6500Init) refers to inv_mpu_dmp_motion_driver.o(i.dmp_load_motion_driver_firmware) for dmp_load_motion_driver_firmware
    mpu6500.o(i.MPU6500Init) refers to mpu6500.o(i.inv_row_2_scale) for inv_row_2_scale
    mpu6500.o(i.MPU6500Init) refers to inv_mpu_dmp_motion_driver.o(i.dmp_set_orientation) for dmp_set_orientation
    mpu6500.o(i.MPU6500Init) refers to inv_mpu_dmp_motion_driver.o(i.dmp_enable_feature) for dmp_enable_feature
    mpu6500.o(i.MPU6500Init) refers to inv_mpu_dmp_motion_driver.o(i.dmp_set_fifo_rate) for dmp_set_fifo_rate
    mpu6500.o(i.MPU6500Init) refers to inv_mpu.o(i.mpu_set_dmp_state) for mpu_set_dmp_state
    mpu6500.o(i.MPU6500Init) refers to mpu6500.o(i.run_self_test) for run_self_test
    mpu6500.o(i.MPU6500Init) refers to i2c.o(.bss) for hi2c1
    mpu6500.o(i.MPU6500Init) refers to mpu6500.o(.constdata) for .constdata
    mpu6500.o(i.Sensors_I2C_ReadRegister) refers to stm32f4xx_hal_i2c.o(i.HAL_I2C_Mem_Read) for HAL_I2C_Mem_Read
    mpu6500.o(i.Sensors_I2C_ReadRegister) refers to i2c.o(.bss) for hi2c1
    mpu6500.o(i.Sensors_I2C_WriteRegister) refers to stm32f4xx_hal_i2c.o(i.HAL_I2C_Mem_Write) for HAL_I2C_Mem_Write
    mpu6500.o(i.Sensors_I2C_WriteRegister) refers to i2c.o(.bss) for hi2c1
    mpu6500.o(i.get_tick_count) refers to stm32f4xx_hal.o(i.HAL_GetTick) for HAL_GetTick
    mpu6500.o(i.mdelay) refers to stm32f4xx_hal.o(i.HAL_Delay) for HAL_Delay
    mpu6500.o(i.run_self_test) refers to inv_mpu.o(i.mpu_run_6500_self_test) for mpu_run_6500_self_test
    mpu6500.o(i.run_self_test) refers to inv_mpu.o(i.mpu_set_accel_bias_6500_reg) for mpu_set_accel_bias_6500_reg
    inv_mpu_dmp_motion_driver.o(i.dmp_enable_6x_lp_quat) refers to memseta.o(.text) for __aeabi_memset
    inv_mpu_dmp_motion_driver.o(i.dmp_enable_6x_lp_quat) refers to inv_mpu.o(i.mpu_write_mem) for mpu_write_mem
    inv_mpu_dmp_motion_driver.o(i.dmp_enable_6x_lp_quat) refers to inv_mpu.o(i.mpu_reset_fifo) for mpu_reset_fifo
    inv_mpu_dmp_motion_driver.o(i.dmp_enable_feature) refers to inv_mpu.o(i.mpu_write_mem) for mpu_write_mem
    inv_mpu_dmp_motion_driver.o(i.dmp_enable_feature) refers to inv_mpu_dmp_motion_driver.o(i.dmp_enable_gyro_cal) for dmp_enable_gyro_cal
    inv_mpu_dmp_motion_driver.o(i.dmp_enable_feature) refers to inv_mpu_dmp_motion_driver.o(i.dmp_set_tap_thresh) for dmp_set_tap_thresh
    inv_mpu_dmp_motion_driver.o(i.dmp_enable_feature) refers to inv_mpu_dmp_motion_driver.o(i.dmp_set_tap_axes) for dmp_set_tap_axes
    inv_mpu_dmp_motion_driver.o(i.dmp_enable_feature) refers to inv_mpu_dmp_motion_driver.o(i.dmp_set_tap_count) for dmp_set_tap_count
    inv_mpu_dmp_motion_driver.o(i.dmp_enable_feature) refers to inv_mpu_dmp_motion_driver.o(i.dmp_set_tap_time) for dmp_set_tap_time
[...]
    ../clib/microlib/init/entry.s            0x00000000   Number         0  entry11b.o ABSOLUTE
    ../clib/microlib/init/entry.s            0x00000000   Number         0  entry5.o ABSOLUTE
    ../clib/microlib/init/entry.s            0x00000000   Number         0  entry12a.o ABSOLUTE
    ../clib/microlib/init/entry.s            0x00000000   Number         0  entry.o ABSOLUTE
    ../clib/microlib/init/entry.s            0x00000000   Number         0  entry12b.o ABSOLUTE
    ../clib/microlib/init/entry.s            0x00000000   Number         0  entry2.o ABSOLUTE
    ../clib/microlib/init/entry.s            0x00000000   Number         0  entry7a.o ABSOLUTE
    ../clib/microlib/init/entry.s            0x00000000   Number         0  entry10a.o ABSOLUTE
    ../clib/microlib/init/entry.s            0x00000000   Number         0  entry10b.o ABSOLUTE
    ../clib/microlib/init/entry.s            0x00000000   Number         0  entry9a.o ABSOLUTE
    ../clib/microlib/init/entry.s            0x00000000   Number         0  entry8b.o ABSOLUTE
    ../clib/microlib/init/entry.s            0x00000000   Number         0  entry11a.o ABSOLUTE
    ../clib/microlib/init/entry.s            0x00000000   Number         0  entry8a.o ABSOLUTE
    ../clib/microlib/init/entry.s            0x00000000   Number         0  entry9b.o ABSOLUTE
    ../clib/microlib/init/entry.s            0x00000000   Number         0  entry7b.o ABSOLUTE
    ../clib/microlib/longlong.c              0x00000000   Number         0  llshl.o ABSOLUTE
    ../clib/microlib/longlong.c              0x00000000   Number         0  llushr.o ABSOLUTE
    ../clib/microlib/longlong.c              0x00000000   Number         0  llsshr.o ABSOLUTE
    ../clib/microlib/printf/printf.c         0x00000000   Number         0  printfa.o ABSOLUTE
    ../clib/microlib/printf/printf.c         0x00000000   Number         0  printf0.o ABSOLUTE
    ../clib/microlib/printf/printf.c         0x00000000   Number         0  printfb.o ABSOLUTE
    ../clib/microlib/printf/printf.c         0x00000000   Number         0  printf7.o ABSOLUTE
    ../clib/microlib/printf/printf.c         0x00000000   Number         0  printf8.o ABSOLUTE
    ../clib/microlib/printf/printf.c         0x00000000   Number         0  printf6.o ABSOLUTE
    ../clib/microlib/printf/printf.c         0x00000000   Number         0  printf5.o ABSOLUTE
    ../clib/microlib/printf/printf.c         0x00000000   Number         0  printf4.o ABSOLUTE
    ../clib/microlib/printf/printf.c         0x00000000   Number         0  printf3.o ABSOLUTE
    ../clib/microlib/printf/printf.c         0x00000000   Number         0  printf2.o ABSOLUTE
    ../clib/microlib/printf/printf.c         0x00000000   Number         0  printf1.o ABSOLUTE
    ../clib/microlib/printf/stubs.s          0x00000000   Number         0  stubs.o ABSOLUTE
    ../clib/microlib/stdio/streams.c         0x00000000   Number         0  stdout.o ABSOLUTE
    ../clib/microlib/string/memcmp.c         0x00000000   Number         0  memcmp.o ABSOLUTE
    ../clib/microlib/string/memset.c         0x00000000   Number         0  memseta.o ABSOLUTE
    ../clib/microlib/stubs.s                 0x00000000   Number         0  iusefp.o ABSOLUTE
    ../fplib/microlib/d2f.c                  0x00000000   Number         0  d2f.o ABSOLUTE
    ../fplib/microlib/f2d.c                  0x00000000   Number         0  f2d.o ABSOLUTE
    ../fplib/microlib/fpadd.c                0x00000000   Number         0  dadd.o ABSOLUTE
    ../fplib/microlib/fpdiv.c                0x00000000   Number         0  ddiv.o ABSOLUTE
    ../fplib/microlib/fpepilogue.c           0x00000000   Number         0  depilogue.o ABSOLUTE
    ../fplib/microlib/fpepilogue.c           0x00000000   Number         0  fepilogue.o ABSOLUTE
    ../fplib/microlib/fpfix.c                0x00000000   Number         0  dfixul.o ABSOLUTE
    ../fplib/microlib/fpflt.c                0x00000000   Number         0  dflti.o ABSOLUTE
    ../fplib/microlib/fpmul.c                0x00000000   Number         0  dmul.o ABSOLUTE
    ../fplib/microlib/fpneg.c                0x00000000   Number         0  dneg.o ABSOLUTE
    ../fplib/microlib/fpsqrt.c               0x00000000   Number         0  dsqrt.o ABSOLUTE
    ../mathlib/asin.c                        0x00000000   Number         0  asin_x.o ABSOLUTE
    ../mathlib/asin.c                        0x00000000   Number         0  asin.o ABSOLUTE
    ../mathlib/atan.c                        0x00000000   Number         0  atan_x.o ABSOLUTE
    ../mathlib/atan.c                        0x00000000   Number         0  atan.o ABSOLUTE
    ../mathlib/atan2.c                       0x00000000   Number         0  atan2.o ABSOLUTE
    ../mathlib/atan2.c                       0x00000000   Number         0  atan2_x.o ABSOLUTE
    ../mathlib/dunder.c                      0x00000000   Number         0  dunder.o ABSOLUTE
    ../mathlib/fabs.c                        0x00000000   Number         0  fabs.o ABSOLUTE
    ../mathlib/fpclassify.c                  0x00000000   Number         0  fpclassify.o ABSOLUTE
    ../mathlib/poly.c                        0x00000000   Number         0  poly.o ABSOLUTE
    ../mathlib/qnan.c                        0x00000000   Number         0  qnan.o ABSOLUTE
    ../mathlib/sqrt.c                        0x00000000   Number         0  sqrt.o ABSOLUTE
    ../mathlib/sqrt.c                        0x00000000   Number         0  sqrt_x.o ABSOLUTE
    ..\Core\Src\MPU6500.c                    0x00000000   Number         0  mpu6500.o ABSOLUTE
    ..\Core\Src\gpio.c                       0x00000000   Number         0  gpio.o ABSOLUTE
    ..\Core\Src\i2c.c                        0x00000000   Number         0  i2c.o ABSOLUTE
    ..\Core\Src\inv_mpu.c                    0x00000000   Number         0  inv_mpu.o ABSOLUTE
    ..\Core\Src\inv_mpu_dmp_motion_driver.c  0x00000000   Number         0  inv_mpu_dmp_motion_driver.o ABSOLUTE
    ..\Core\Src\main.c                       0x00000000   Number         0  main.o ABSOLUTE
    ..\Core\Src\stm32f4xx_hal_msp.c          0x00000000   Number         0  stm32f4xx_hal_msp.o ABSOLUTE
    ..\Core\Src\stm32f4xx_it.c               0x00000000   Number         0  stm32f4xx_it.o ABSOLUTE
    ..\Core\Src\system_stm32f4xx.c           0x00000000   Number         0  system_stm32f4xx.o ABSOLUTE
    ..\Core\Src\usart.c                      0x00000000   Number         0  usart.o ABSOLUTE
    ..\Drivers\STM32F4xx_HAL_Driver\Src\stm32f4xx_hal.c 0x00000000   Number         0  stm32f4xx_hal.o ABSOLUTE
    ..\Drivers\STM32F4xx_HAL_Driver\Src\stm32f4xx_hal_cortex.c 0x00000000   Number         0  stm32f4xx_hal_cortex.o ABSOLUTE
    ..\Drivers\STM32F4xx_HAL_Driver\Src\stm32f4xx_hal_dma.c 0x00000000   Number         0  stm32f4xx_hal_dma.o ABSOLUTE
    ..\Drivers\STM32F4xx_HAL_Driver\Src\stm32f4xx_hal_dma_ex.c 0x00000000   Number         0  stm32f4xx_hal_dma_ex.o ABSOLUTE
    ..\Drivers\STM32F4xx_HAL_Driver\Src\stm32f4xx_hal_exti.c 0x00000000   Number         0  stm32f4xx_hal_exti.o ABSOLUTE
    ..\Drivers\STM32F4xx_HAL_Driver\Src\stm32f4xx_hal_flash.c 0x00000000   Number         0  stm32f4xx_hal_flash.o ABSOLUTE
    ..\Drivers\STM32F4xx_HAL_Driver\Src\stm32f4xx_hal_flash_ex.c 0x00000000   Number         0  stm32f4xx_hal_flash_ex.o ABSOLUTE
    ..\Drivers\STM32F4xx_HAL_Driver\Src\stm32f4xx_hal_flash_ramfunc.c 0x00000000   Number         0  stm32f4xx_hal_flash_ramfunc.o ABSOLUTE
    ..\Drivers\STM32F4xx_HAL_Driver\Src\stm32f4xx_hal_gpio.c 0x00000000   Number         0  stm32f4xx_hal_gpio.o ABSOLUTE
    ..\Drivers\STM32F4xx_HAL_Driver\Src\stm32f4xx_hal_i2c.c 0x00000000   Number         0  stm32f4xx_hal_i2c.o ABSOLUTE
    ..\Drivers\STM32F4xx_HAL_Driver\Src\stm32f4xx_hal_i2c_ex.c 0x00000000   Number         0  stm32f4xx_hal_i2c_ex.o ABSOLUTE
    ..\Drivers\STM32F4xx_HAL_Driver\Src\stm32f4xx_hal_pwr.c 0x00000000   Number         0  stm32f4xx_hal_pwr.o ABSOLUTE
    ..\Drivers\STM32F4xx_HAL_Driver\Src\stm32f4xx_hal_pwr_ex.c 0x00000000   Number         0  stm32f4xx_hal_pwr_ex.o ABSOLUTE
    ..\Drivers\STM32F4xx_HAL_Driver\Src\stm32f4xx_hal_rcc.c 0x00000000   Number         0  stm32f4xx_hal_rcc.o ABSOLUTE
    ..\Drivers\STM32F4xx_HAL_Driver\Src\stm32f4xx_hal_rcc_ex.c 0x00000000   Number         0  stm32f4xx_hal_rcc_ex.o ABSOLUTE
    ..\Drivers\STM32F4xx_HAL_Driver\Src\stm32f4xx_hal_tim.c 0x00000000   Number         0  stm32f4xx_hal_tim.o ABSOLUTE
    ..\Drivers\STM32F4xx_HAL_Driver\Src\stm32f4xx_hal_tim_ex.c 0x00000000   Number         0  stm32f4xx_hal_tim_ex.o ABSOLUTE
    ..\Drivers\STM32F4xx_HAL_Driver\Src\stm32f4xx_hal_uart.c 0x00000000   Number         0  stm32f4xx_hal_uart.o ABSOLUTE
    ..\\Core\\Src\\MPU6500.c                 0x00000000   Number         0  mpu6500.o ABSOLUTE
    ..\\Core\\Src\\inv_mpu.c                 0x00000000   Number         0  inv_mpu.o ABSOLUTE
    ..\\Core\\Src\\inv_mpu_dmp_motion_driver.c 0x00000000   Number         0  inv_mpu_dmp_motion_driver.o ABSOLUTE
    cdcmple.s                                0x00000000   Number         0  cdcmple.o ABSOLUTE
    cdrcmple.s                               0x00000000   Number         0  cdrcmple.o ABSOLUTE
    dc.s                                     0x00000000   Number         0  dc.o ABSOLUTE
    handlers.s                               0x00000000   Number         0  handlers.o ABSOLUTE
    init.s                                   0x00000000   Number         0  init.o ABSOLUTE
    startup_stm32f446xx.s                    0x00000000   Number         0  startup_stm32f446xx.o ABSOLUTE
    RESET                                    0x08000000   Section      452  startup_stm32f446xx.o(RESET)
    .ARM.Collect$$$$00000000                 0x080001c4   Section        0  entry.o(.ARM.Collect$$$$00000000)
    .ARM.Collect$$$$00000001                 0x080001c4   Section        4  entry2.o(.ARM.Collect$$$$00000001)
    .ARM.Collect$$$$00000004                 0x080001c8   Section        4  entry5.o(.ARM.Collect$$$$00000004)
    .ARM.Collect$$$$00000008                 0x080001cc   Section        0  entry7b.o(.ARM.Collect$$$$00000008)
    .ARM.Collect$$$$0000000A                 0x080001cc   Section        0  entry8b.o(.ARM.Collect$$$$0000000A)
    .ARM.Collect$$$$0000000B                 0x080001cc   Section        8  entry9a.o(.ARM.Collect$$$$0000000B)
    .ARM.Collect$$$$0000000E                 0x080001d4   Section        4  entry12b.o(.ARM.Collect$$$$0000000E)
    .ARM.Collect$$$$0000000F                 0x080001d8   Section        0  entry10a.o(.ARM.Collect$$$$0000000F)
    .ARM.Collect$$$$00000011                 0x080001d8   Section        0  entry11a.o(.ARM.Collect$$$$00000011)
    .ARM.Collect$$$$00002712                 0x080001d8   Section        4  entry2.o(.ARM.Collect$$$$00002712)
    __lit__00000000                          0x080001d8   Data           4  entry2.o(.ARM.Collect$$$$00002712)
    .text                                    0x080001dc   Section       36  startup_stm32f446xx.o(.text)
    $v0                                      0x080001dc   Number         0  startup_stm32f446xx.o(.text)
    .text                                    0x08000200   Section        0  uldiv.o(.text)
    .text                                    0x08000262   Section        0  ldiv.o(.text)
    .text                                    0x080002c4   Section        0  memseta.o(.text)
    .text                                    0x080002e8   Section        0  memcmp.o(.text)
    .text                                    0x08000302   Section        0  dadd.o(.text)
    .text                                    0x08000450   Section        0  dmul.o(.text)
    .text                                    0x08000534   Section        0  dflti.o(.text)
    .text                                    0x08000556   Section        0  f2d.o(.text)
    .text                                    0x0800057c   Section       48  cdrcmple.o(.text)
    .text                                    0x080005ac   Section        0  d2f.o(.text)
    .text                                    0x080005e4   Section        0  uidiv.o(.text)
    .text                                    0x08000610   Section        0  llshl.o(.text)
    .text                                    0x0800062e   Section        0  llushr.o(.text)
    .text                                    0x0800064e   Section        0  llsshr.o(.text)
    .text                                    0x08000672   Section        0  iusefp.o(.text)
    .text                                    0x08000672   Section        0  fepilogue.o(.text)
    .text                                    0x080006e0   Section        0  depilogue.o(.text)
    .text                                    0x0800079a   Section        0  ddiv.o(.text)
    .text                                    0x08000878   Section        0  dfixul.o(.text)
    .text                                    0x080008a8   Section       48  cdcmple.o(.text)
    .text                                    0x080008d8   Section       36  init.o(.text)
    .text                                    0x080008fc   Section        0  dsqrt.o(.text)
    i.BusFault_Handler                       0x0800099e   Section        0  stm32f4xx_it.o(i.BusFault_Handler)
    i.DebugMon_Handler                       0x080009a0   Section        0  stm32f4xx_it.o(i.DebugMon_Handler)
    i.Error_Handler                          0x080009a2   Section        0  main.o(i.Error_Handler)
    i.HAL_Delay                              0x080009a8   Section        0  stm32f4xx_hal.o(i.HAL_Delay)
    i.HAL_GPIO_DeInit                        0x080009cc   Section        0  stm32f4xx_hal_gpio.o(i.HAL_GPIO_DeInit)
    i.HAL_GPIO_Init                          0x08000b24   Section        0  stm32f4xx_hal_gpio.o(i.HAL_GPIO_Init)
    i.HAL_GetTick                            0x08000d00   Section        0  stm32f4xx_hal.o(i.HAL_GetTick)
    i.HAL_I2C_DeInit                         0x08000d0c   Section        0  stm32f4xx_hal_i2c.o(i.HAL_I2C_DeInit)
    i.HAL_I2C_Init                           0x08000d40   Section        0  stm32f4xx_hal_i2c.o(i.HAL_I2C_Init)
    i.HAL_I2C_Mem_Read                       0x08000ec8   Section        0  stm32f4xx_hal_i2c.o(i.HAL_I2C_Mem_Read)
    i.HAL_I2C_Mem_Write                      0x080010cc   Section        0  stm32f4xx_hal_i2c.o(i.HAL_I2C_Mem_Write)
    i.HAL_I2C_MspDeInit                      0x080011fc   Section        0  i2c.o(i.HAL_I2C_MspDeInit)
    i.HAL_I2C_MspInit                        0x08001234   Section        0  i2c.o(i.HAL_I2C_MspInit)
    i.HAL_IncTick                            0x0800129c   Section        0  stm32f4xx_hal.o(i.HAL_IncTick)
    i.HAL_Init                               0x080012ac   Section        0  stm32f4xx_hal.o(i.HAL_Init)
    i.HAL_InitTick                           0x080012e0   Section        0  stm32f4xx_hal.o(i.HAL_InitTick)
    i.HAL_MspInit                            0x08001320   Section        0  stm32f4xx_hal_msp.o(i.HAL_MspInit)
    i.HAL_NVIC_SetPriority                   0x08001350   Section        0  stm32f4xx_hal_cortex.o(i.HAL_NVIC_SetPriority)
    i.HAL_NVIC_SetPriorityGrouping           0x08001390   Section        0  stm32f4xx_hal_cortex.o(i.HAL_NVIC_SetPriorityGrouping)
    i.HAL_RCC_ClockConfig                    0x080013b4   Section        0  stm32f4xx_hal_rcc.o(i.HAL_RCC_ClockConfig)
    i.HAL_RCC_GetPCLK1Freq                   0x080014e8   Section        0  stm32f4xx_hal_rcc.o(i.HAL_RCC_GetPCLK1Freq)
    i.HAL_RCC_GetPCLK2Freq                   0x08001508   Section        0  stm32f4xx_hal_rcc.o(i.HAL_RCC_GetPCLK2Freq)
    i.HAL_RCC_GetSysClockFreq                0x08001528   Section        0  stm32f4xx_hal_rcc_ex.o(i.HAL_RCC_GetSysClockFreq)
    i.HAL_RCC_OscConfig                      0x080015c0   Section        0  stm32f4xx_hal_rcc_ex.o(i.HAL_RCC_OscConfig)
    i.HAL_SYSTICK_Config                     0x08001958   Section        0  stm32f4xx_hal_cortex.o(i.HAL_SYSTICK_Config)
    i.HAL_UART_Init                          0x08001980   Section        0  stm32f4xx_hal_uart.o(i.HAL_UART_Init)
    i.HAL_UART_MspInit                       0x080019e4   Section        0  usart.o(i.HAL_UART_MspInit)
    i.HAL_UART_Transmit                      0x08001a4c   Section        0  stm32f4xx_hal_uart.o(i.HAL_UART_Transmit)
    i.HardFault_Handler                      0x08001aec   Section        0  stm32f4xx_it.o(i.HardFault_Handler)
    i.I2C_IsAcknowledgeFailed                0x08001aee   Section        0  stm32f4xx_hal_i2c.o(i.I2C_IsAcknowledgeFailed)
    I2C_IsAcknowledgeFailed                  0x08001aef   Thumb Code    46  stm32f4xx_hal_i2c.o(i.I2C_IsAcknowledgeFailed)
    i.I2C_RequestMemoryRead                  0x08001b1c   Section        0  stm32f4xx_hal_i2c.o(i.I2C_RequestMemoryRead)
    I2C_RequestMemoryRead                    0x08001b1d   Thumb Code   246  stm32f4xx_hal_i2c.o(i.I2C_RequestMemoryRead)
    i.I2C_RequestMemoryWrite                 0x08001c18   Section        0  stm32f4xx_hal_i2c.o(i.I2C_RequestMemoryWrite)
    I2C_RequestMemoryWrite                   0x08001c19   Thumb Code   162  stm32f4xx_hal_i2c.o(i.I2C_RequestMemoryWrite)
    i.I2C_WaitOnBTFFlagUntilTimeout          0x08001cc0   Section        0  stm32f4xx_hal_i2c.o(i.I2C_WaitOnBTFFlagUntilTimeout)
    I2C_WaitOnBTFFlagUntilTimeout            0x08001cc1   Thumb Code    86  stm32f4xx_hal_i2c.o(i.I2C_WaitOnBTFFlagUntilTimeout)
    i.I2C_WaitOnFlagUntilTimeout             0x08001d18   Section        0  stm32f4xx_hal_i2c.o(i.I2C_WaitOnFlagUntilTimeout)
    I2C_WaitOnFlagUntilTimeout               0x08001d19   Thumb Code   144  stm32f4xx_hal_i2c.o(i.I2C_WaitOnFlagUntilTimeout)
    i.I2C_WaitOnMasterAddressFlagUntilTimeout 0x08001da8   Section        0  stm32f4xx_hal_i2c.o(i.I2C_WaitOnMasterAddressFlagUntilTimeout)
    I2C_WaitOnMasterAddressFlagUntilTimeout  0x08001da9   Thumb Code   188  stm32f4xx_hal_i2c.o(i.I2C_WaitOnMasterAddressFlagUntilTimeout)
    i.I2C_WaitOnRXNEFlagUntilTimeout         0x08001e64   Section        0  stm32f4xx_hal_i2c.o(i.I2C_WaitOnRXNEFlagUntilTimeout)
    I2C_WaitOnRXNEFlagUntilTimeout           0x08001e65   Thumb Code   112  stm32f4xx_hal_i2c.o(i.I2C_WaitOnRXNEFlagUntilTimeout)
    i.I2C_WaitOnTXEFlagUntilTimeout          0x08001ed4   Section        0  stm32f4xx_hal_i2c.o(i.I2C_WaitOnTXEFlagUntilTimeout)
    I2C_WaitOnTXEFlagUntilTimeout            0x08001ed5   Thumb Code    86  stm32f4xx_hal_i2c.o(i.I2C_WaitOnTXEFlagUntilTimeout)
    i.MPU6500Init                            0x08001f2c   Section        0  mpu6500.o(i.MPU6500Init)
    i.MX_GPIO_Init                           0x08001ff8   Section        0  gpio.o(i.MX_GPIO_Init)
    i.MX_I2C1_Init                           0x08002034   Section        0  i2c.o(i.MX_I2C1_Init)
    i.MX_USART2_UART_Init                    0x08002074   Section        0  usart.o(i.MX_USART2_UART_Init)
    i.MemManage_Handler                      0x080020ac   Section        0  stm32f4xx_it.o(i.MemManage_Handler)
    i.NMI_Handler                            0x080020ae   Section        0  stm32f4xx_it.o(i.NMI_Handler)
    i.PendSV_Handler                         0x080020b0   Section        0  stm32f4xx_it.o(i.PendSV_Handler)
    i.SVC_Handler                            0x080020b2   Section        0  stm32f4xx_it.o(i.SVC_Handler)
    i.Sensors_I2C_ReadRegister               0x080020b4   Section        0  mpu6500.o(i.Sensors_I2C_ReadRegister)
    i.Sensors_I2C_WriteRegister              0x080020d0   Section        0  mpu6500.o(i.Sensors_I2C_WriteRegister)
    i.SysTick_Handler                        0x080020ec   Section        0  stm32f4xx_it.o(i.SysTick_Handler)
    i.SystemClock_Config                     0x080020f0   Section        0  main.o(i.SystemClock_Config)
    i.SystemInit                             0x08002184   Section        0  system_stm32f4xx.o(i.SystemInit)
    i.UART_EndRxTransfer                     0x08002194   Section        0  stm32f4xx_hal_uart.o(i.UART_EndRxTransfer)
    UART_EndRxTransfer                       0x08002195   Thumb Code    78  stm32f4xx_hal_uart.o(i.UART_EndRxTransfer)
    i.UART_SetConfig                         0x080021e4   Section        0  stm32f4xx_hal_uart.o(i.UART_SetConfig)
    UART_SetConfig                           0x080021e5   Thumb Code   258  stm32f4xx_hal_uart.o(i.UART_SetConfig)
    i.UART_WaitOnFlagUntilTimeout            0x080022f0   Section        0  stm32f4xx_hal_uart.o(i.UART_WaitOnFlagUntilTimeout)
    UART_WaitOnFlagUntilTimeout              0x080022f1   Thumb Code   114  stm32f4xx_hal_uart.o(i.UART_WaitOnFlagUntilTimeout)
    i.UsageFault_Handler                     0x08002362   Section        0  stm32f4xx_it.o(i.UsageFault_Handler)
    i.__0printf                              0x08002364   Section        0  printfa.o(i.__0printf)
    i.__ARM_fpclassify                       0x08002384   Section        0  fpclassify.o(i.__ARM_fpclassify)
    i.__NVIC_SetPriority                     0x080023b4   Section        0  stm32f4xx_hal_cortex.o(i.__NVIC_SetPriority)
    __NVIC_SetPriority                       0x080023b5   Thumb Code    32  stm32f4xx_hal_cortex.o(i.__NVIC_SetPriority)
    i.__hardfp_asin                          0x080023d8   Section        0  asin.o(i.__hardfp_asin)
    i.__hardfp_atan                          0x08002738   Section        0  atan.o(i.__hardfp_atan)
    i.__hardfp_atan2                         0x08002a10   Section        0  atan2.o(i.__hardfp_atan2)
    i.__hardfp_fabs                          0x08002c10   Section        0  fabs.o(i.__hardfp_fabs)
    i.__kernel_poly                          0x08002c24   Section        0  poly.o(i.__kernel_poly)
    i.__mathlib_dbl_infnan                   0x08002d1c   Section        0  dunder.o(i.__mathlib_dbl_infnan)
    i.__mathlib_dbl_infnan2                  0x08002d30   Section        0  dunder.o(i.__mathlib_dbl_infnan2)
    i.__mathlib_dbl_invalid                  0x08002d48   Section        0  dunder.o(i.__mathlib_dbl_invalid)
    i.__mathlib_dbl_underflow                0x08002d68   Section        0  dunder.o(i.__mathlib_dbl_underflow)
    i.__scatterload_copy                     0x08002d88   Section       14  handlers.o(i.__scatterload_copy)
    i.__scatterload_null                     0x08002d96   Section        2  handlers.o(i.__scatterload_null)
    i.__scatterload_zeroinit                 0x08002d98   Section       14  handlers.o(i.__scatterload_zeroinit)
    i.__set_errno                            0x08002da8   Section        0  errno.o(i.__set_errno)
    i._fp_digits                             0x08002db4   Section        0  printfa.o(i._fp_digits)
    _fp_digits                               0x08002db5   Thumb Code   366  printfa.o(i._fp_digits)
    i._printf_core                           0x08002f38   Section        0  printfa.o(i._printf_core)
    _printf_core                             0x08002f39   Thumb Code  1704  printfa.o(i._printf_core)
    i._printf_post_padding                   0x080035ec   Section        0  printfa.o(i._printf_post_padding)
    _printf_post_padding                     0x080035ed   Thumb Code    36  printfa.o(i._printf_post_padding)
    i._printf_pre_padding                    0x08003610   Section        0  printfa.o(i._printf_pre_padding)
    _printf_pre_padding                      0x08003611   Thumb Code    46  printfa.o(i._printf_pre_padding)
    i.accel_6500_self_test                   0x08003640   Section        0  inv_mpu.o(i.accel_6500_self_test)
    accel_6500_self_test                     0x08003641   Thumb Code   374  inv_mpu.o(i.accel_6500_self_test)
    i.atan                                   0x080037d8   Section        0  atan.o(i.atan)
    i.dmp_enable_6x_lp_quat                  0x080037e8   Section        0  inv_mpu_dmp_motion_driver.o(i.dmp_enable_6x_lp_quat)
    i.dmp_enable_feature                     0x08003824   Section        0  inv_mpu_dmp_motion_driver.o(i.dmp_enable_feature)
    i.dmp_enable_gyro_cal                    0x080039fc   Section        0  inv_mpu_dmp_motion_driver.o(i.dmp_enable_gyro_cal)
    i.dmp_enable_lp_quat                     0x08003a38   Section        0  inv_mpu_dmp_motion_driver.o(i.dmp_enable_lp_quat)
    i.dmp_load_motion_driver_firmware        0x08003a74   Section        0  inv_mpu_dmp_motion_driver.o(i.dmp_load_motion_driver_firmware)
    i.dmp_read_fifo                          0x08003a88   Section        0  inv_mpu_dmp_motion_driver.o(i.dmp_read_fifo)
    i.dmp_set_fifo_rate                      0x08003bf0   Section        0  inv_mpu_dmp_motion_driver.o(i.dmp_set_fifo_rate)
    i.dmp_set_orientation                    0x08003c54   Section        0  inv_mpu_dmp_motion_driver.o(i.dmp_set_orientation)
    i.dmp_set_shake_reject_thresh            0x08003d60   Section        0  inv_mpu_dmp_motion_driver.o(i.dmp_set_shake_reject_thresh)
    i.dmp_set_shake_reject_time              0x08003d90   Section        0  inv_mpu_dmp_motion_driver.o(i.dmp_set_shake_reject_time)
    i.dmp_set_shake_reject_timeout           0x08003db0   Section        0  inv_mpu_dmp_motion_driver.o(i.dmp_set_shake_reject_timeout)
    i.dmp_set_tap_axes                       0x08003dd0   Section        0  inv_mpu_dmp_motion_driver.o(i.dmp_set_tap_axes)
    i.dmp_set_tap_count                      0x08003e10   Section        0  inv_mpu_dmp_motion_driver.o(i.dmp_set_tap_count)
    i.dmp_set_tap_thresh                     0x08003e34   Section        0  inv_mpu_dmp_motion_driver.o(i.dmp_set_tap_thresh)
    i.dmp_set_tap_time                       0x08003f94   Section        0  inv_mpu_dmp_motion_driver.o(i.dmp_set_tap_time)
    i.dmp_set_tap_time_multi                 0x08003fb4   Section        0  inv_mpu_dmp_motion_driver.o(i.dmp_set_tap_time_multi)
    i.fabs                                   0x08003fd4   Section        0  fabs.o(i.fabs)
    i.fputc                                  0x08003fec   Section        0  main.o(i.fputc)
    i.get_st_6500_biases                     0x08004004   Section        0  inv_mpu.o(i.get_st_6500_biases)
    get_st_6500_biases                       0x08004005   Thumb Code   870  inv_mpu.o(i.get_st_6500_biases)
    i.get_tick_count                         0x08004370   Section        0  mpu6500.o(i.get_tick_count)
    i.gyro_6500_self_test                    0x08004380   Section        0  inv_mpu.o(i.gyro_6500_self_test)
    gyro_6500_self_test                      0x08004381   Thumb Code   346  inv_mpu.o(i.gyro_6500_self_test)
    i.inv_row_2_scale                        0x080044f8   Section        0  mpu6500.o(i.inv_row_2_scale)
    inv_row_2_scale                          0x080044f9   Thumb Code    72  mpu6500.o(i.inv_row_2_scale)
    i.main                                   0x08004540   Section        0  main.o(i.main)
    i.mdelay                                 0x0800481c   Section        0  mpu6500.o(i.mdelay)
    i.mpu_configure_fifo                     0x08004828   Section        0  inv_mpu.o(i.mpu_configure_fifo)
    i.mpu_get_accel_fsr                      0x0800487c   Section        0  inv_mpu.o(i.mpu_get_accel_fsr)
    i.mpu_get_gyro_fsr                       0x080048b8   Section        0  inv_mpu.o(i.mpu_get_gyro_fsr)
    i.mpu_get_lpf                            0x080048ec   Section        0  inv_mpu.o(i.mpu_get_lpf)
    i.mpu_get_sample_rate                    0x08004924   Section        0  inv_mpu.o(i.mpu_get_sample_rate)
    i.mpu_init                               0x08004940   Section        0  inv_mpu.o(i.mpu_init)
    i.mpu_load_firmware                      0x08004a14   Section        0  inv_mpu.o(i.mpu_load_firmware)
    i.mpu_lp_accel_mode                      0x08004ab4   Section        0  inv_mpu.o(i.mpu_lp_accel_mode)
    i.mpu_read_6500_accel_bias               0x08004b6c   Section        0  inv_mpu.o(i.mpu_read_6500_accel_bias)
    i.mpu_read_fifo_stream                   0x08004bd0   Section        0  inv_mpu.o(i.mpu_read_fifo_stream)
    i.mpu_read_mem                           0x08004c60   Section        0  inv_mpu.o(i.mpu_read_mem)
    i.mpu_reset_fifo                         0x08004cb4   Section        0  inv_mpu.o(i.mpu_reset_fifo)
    i.mpu_run_6500_self_test                 0x08004e14   Section        0  inv_mpu.o(i.mpu_run_6500_self_test)
    i.mpu_set_accel_bias_6500_reg            0x08004f10   Section        0  inv_mpu.o(i.mpu_set_accel_bias_6500_reg)
    i.mpu_set_accel_fsr                      0x08004fc0   Section        0  inv_mpu.o(i.mpu_set_accel_fsr)
    i.mpu_set_bypass                         0x08005028   Section        0  inv_mpu.o(i.mpu_set_bypass)
    i.mpu_set_dmp_state                      0x08005104   Section        0  inv_mpu.o(i.mpu_set_dmp_state)
    i.mpu_set_gyro_fsr                       0x0800517c   Section        0  inv_mpu.o(i.mpu_set_gyro_fsr)
    i.mpu_set_int_latched                    0x080051e8   Section        0  inv_mpu.o(i.mpu_set_int_latched)
    i.mpu_set_lpf                            0x0800524c   Section        0  inv_mpu.o(i.mpu_set_lpf)
    i.mpu_set_sample_rate                    0x080052b8   Section        0  inv_mpu.o(i.mpu_set_sample_rate)
    i.mpu_set_sensors                        0x08005338   Section        0  inv_mpu.o(i.mpu_set_sensors)
    i.mpu_write_mem                          0x080053f0   Section        0  inv_mpu.o(i.mpu_write_mem)
    i.run_self_test                          0x08005444   Section        0  mpu6500.o(i.run_self_test)
    i.set_int_enable                         0x080054cc   Section        0  inv_mpu.o(i.set_int_enable)
    set_int_enable                           0x080054cd   Thumb Code    84  inv_mpu.o(i.set_int_enable)
    i.sqrt                                   0x08005524   Section        0  sqrt.o(i.sqrt)
    .constdata                               0x08005592   Section        9  mpu6500.o(.constdata)
    .constdata                               0x0800559b   Section     3062  inv_mpu_dmp_motion_driver.o(.constdata)
    dmp_memory                               0x0800559b   Data        3062  inv_mpu_dmp_motion_driver.o(.constdata)
    .constdata                               0x08006191   Section       30  inv_mpu.o(.constdata)
    .constdata                               0x080061b0   Section       12  inv_mpu.o(.constdata)
    .constdata                               0x080061bc   Section       48  inv_mpu.o(.constdata)
    .constdata                               0x080061ec   Section      512  inv_mpu.o(.constdata)
    mpu_6500_st_tb                           0x080061ec   Data         512  inv_mpu.o(.constdata)
    .constdata                               0x080063ec   Section       16  system_stm32f4xx.o(.constdata)
    .constdata                               0x080063fc   Section        8  system_stm32f4xx.o(.constdata)
    .constdata                               0x08006408   Section       80  asin.o(.constdata)
    pS                                       0x08006408   Data          48  asin.o(.constdata)
    qS                                       0x08006438   Data          32  asin.o(.constdata)
    .constdata                               0x08006458   Section      152  atan.o(.constdata)
    atanhi                                   0x08006458   Data          32  atan.o(.constdata)
    atanlo                                   0x08006478   Data          32  atan.o(.constdata)
    aTodd                                    0x08006498   Data          40  atan.o(.constdata)
    aTeven                                   0x080064c0   Data          48  atan.o(.constdata)
    .constdata                               0x080064f0   Section        8  qnan.o(.constdata)
    .data                                    0x20000000   Section       44  inv_mpu.o(.data)
    st                                       0x20000000   Data          44  inv_mpu.o(.data)
    .data                                    0x20000030   Section       64  main.o(.data)
    .data                                    0x20000070   Section       12  stm32f4xx_hal.o(.data)
    .data                                    0x2000007c   Section        4  system_stm32f4xx.o(.data)
    .data                                    0x20000080   Section        4  stdout.o(.data)
    .data                                    0x20000084   Section        4  errno.o(.data)
    _errno                                   0x20000084   Data           4  errno.o(.data)
    .bss                                     0x20000088   Section       16  inv_mpu_dmp_motion_driver.o(.bss)
    dmp                                      0x20000088   Data          16  inv_mpu_dmp_motion_driver.o(.bss)
    .bss                                     0x20000098   Section       16  main.o(.bss)
    .bss                                     0x200000a8   Section       84  i2c.o(.bss)
    .bss                                     0x200000fc   Section       72  usart.o(.bss)
    STACK                                    0x20000148   Section     1024  startup_stm32f446xx.o(STACK)

    Global Symbols

    Symbol Name                              Value     Ov Type        Size  Object(Section)

    BuildAttributes$$THM_ISAv4$E$P$D$K$B$S$7EM$VFPi3$EXTD16$VFPS$VFMA$PE$A:L22UL41UL21$X:L11$S22US41US21$IEEE1$IW$USESV6$~STKCKD$USESV7$~SHL$OTIME$ROPI$IEEEX$EBA8$MICROLIB$REQ8$PRES8$EABIv2 0x00000000   Number         0  anon$$obj.o ABSOLUTE
    __ARM_use_no_argv                        0x00000000   Number         0  main.o ABSOLUTE
    _printf_a                                0x00000000   Number         0  stubs.o ABSOLUTE
    _printf_c                                0x00000000   Number         0  stubs.o ABSOLUTE
    _printf_charcount                        0x00000000   Number         0  stubs.o ABSOLUTE
    _printf_d                                0x00000000   Number         0  stubs.o ABSOLUTE
    _printf_e                                0x00000000   Number         0  stubs.o ABSOLUTE
    _printf_f                                0x00000000   Number         0  stubs.o ABSOLUTE
    _printf_flags                            0x00000000   Number         0  stubs.o ABSOLUTE
    _printf_fp_dec                           0x00000000   Number         0  stubs.o ABSOLUTE
    _printf_fp_hex                           0x00000000   Number         0  stubs.o ABSOLUTE
    _printf_g                                0x00000000   Number         0  stubs.o ABSOLUTE
    _printf_i                                0x00000000   Number         0  stubs.o ABSOLUTE
    _printf_int_dec                          0x00000000   Number         0  stubs.o ABSOLUTE
    _printf_l                                0x00000000   Number         0  stubs.o ABSOLUTE
    _printf_lc                               0x00000000   Number         0  stubs.o ABSOLUTE
    _printf_ll                               0x00000000   Number         0  stubs.o ABSOLUTE
    _printf_lld                              0x00000000   Number         0  stubs.o ABSOLUTE
    _printf_lli                              0x00000000   Number         0  stubs.o ABSOLUTE
    _printf_llo                              0x00000000   Number         0  stubs.o ABSOLUTE
    _printf_llu                              0x00000000   Number         0  stubs.o ABSOLUTE
    _printf_llx                              0x00000000   Number         0  stubs.o ABSOLUTE
    _printf_longlong_dec                     0x00000000   Number         0  stubs.o ABSOLUTE
    _printf_longlong_hex                     0x00000000   Number         0  stubs.o ABSOLUTE
    _printf_longlong_oct                     0x00000000   Number         0  stubs.o ABSOLUTE
    _printf_ls                               0x00000000   Number         0  stubs.o ABSOLUTE
    _printf_mbtowc                           0x00000000   Number         0  stubs.o ABSOLUTE
    _printf_n                                0x00000000   Number         0  stubs.o ABSOLUTE
    _printf_o                                0x00000000   Number         0  stubs.o ABSOLUTE
    _printf_p                                0x00000000   Number         0  stubs.o ABSOLUTE
    _printf_percent                          0x00000000   Number         0  stubs.o ABSOLUTE
    _printf_pre_padding                      0x00000000   Number         0  stubs.o ABSOLUTE
    _printf_return_value                     0x00000000   Number         0  stubs.o ABSOLUTE
    _printf_s                                0x00000000   Number         0  stubs.o ABSOLUTE
    _printf_sizespec                         0x00000000   Number         0  stubs.o ABSOLUTE
    _printf_str                              0x00000000   Number         0  stubs.o ABSOLUTE
    _printf_truncate_signed                  0x00000000   Number         0  stubs.o ABSOLUTE
    _printf_truncate_unsigned                0x00000000   Number         0  stubs.o ABSOLUTE
    _printf_u                                0x00000000   Number         0  stubs.o ABSOLUTE
    _printf_wc                               0x00000000   Number         0  stubs.o ABSOLUTE
    _printf_wctomb                           0x00000000   Number         0  stubs.o ABSOLUTE
    _printf_widthprec                        0x00000000   Number         0  stubs.o ABSOLUTE
    _printf_x                                0x00000000   Number         0  stubs.o ABSOLUTE
    __arm_fini_                               - Undefined Weak Reference
    __cpp_initialize__aeabi_                  - Undefined Weak Reference
    __cxa_finalize                            - Undefined Weak Reference
    __decompress                              - Undefined Weak Reference
    _clock_init                               - Undefined Weak Reference
    _microlib_exit                            - Undefined Weak Reference
    __Vectors_Size                           0x000001c4   Number         0  startup_stm32f446xx.o ABSOLUTE
    __Vectors                                0x08000000   Data           4  startup_stm32f446xx.o(RESET)
    __Vectors_End                            0x080001c4   Data           0  startup_stm32f446xx.o(RESET)
    __main                                   0x080001c5   Thumb Code     0  entry.o(.ARM.Collect$$$$00000000)
    _main_stk                                0x080001c5   Thumb Code     0  entry2.o(.ARM.Collect$$$$00000001)
    _main_scatterload                        0x080001c9   Thumb Code     0  entry5.o(.ARM.Collect$$$$00000004)
    __main_after_scatterload                 0x080001cd   Thumb Code     0  entry5.o(.ARM.Collect$$$$00000004)
    _main_clock                              0x080001cd   Thumb Code     0  entry7b.o(.ARM.Collect$$$$00000008)
    _main_cpp_init                           0x080001cd   Thumb Code     0  entry8b.o(.ARM.Collect$$$$0000000A)
    _main_init                               0x080001cd   Thumb Code     0  entry9a.o(.ARM.Collect$$$$0000000B)
    __rt_lib_shutdown_fini                   0x080001d5   Thumb Code     0  entry12b.o(.ARM.Collect$$$$0000000E)
    __rt_final_cpp                           0x080001d9   Thumb Code     0  entry10a.o(.ARM.Collect$$$$0000000F)
    __rt_final_exit                          0x080001d9   Thumb Code     0  entry11a.o(.ARM.Collect$$$$00000011)
    Reset_Handler                            0x080001dd   Thumb Code     8  startup_stm32f446xx.o(.text)
    ADC_IRQHandler                           0x080001f7   Thumb Code     0  startup_stm32f446xx.o(.text)
    CAN1_RX0_IRQHandler                      0x080001f7   Thumb Code     0  startup_stm32f446xx.o(.text)
    CAN1_RX1_IRQHandler                      0x080001f7   Thumb Code     0  startup_stm32f446xx.o(.text)
    CAN1_SCE_IRQHandler                      0x080001f7   Thumb Code     0  startup_stm32f446xx.o(.text)
    CAN1_TX_IRQHandler                       0x080001f7   Thumb Code     0  startup_stm32f446xx.o(.text)
    CAN2_RX0_IRQHandler                      0x080001f7   Thumb Code     0  startup_stm32f446xx.o(.text)
    CAN2_RX1_IRQHandler                      0x080001f7   Thumb Code     0  startup_stm32f446xx.o(.text)
    CAN2_SCE_IRQHandler                      0x080001f7   Thumb Code     0  startup_stm32f446xx.o(.text)
    CAN2_TX_IRQHandler                       0x080001f7   Thumb Code     0  startup_stm32f446xx.o(.text)
    CEC_IRQHandler                           0x080001f7   Thumb Code     0  startup_stm32f446xx.o(.text)
    DCMI_IRQHandler                          0x080001f7   Thumb Code     0  startup_stm32f446xx.o(.text)
    DMA1_Stream0_IRQHandler                  0x080001f7   Thumb Code     0  startup_stm32f446xx.o(.text)
    DMA1_Stream1_IRQHandler                  0x080001f7   Thumb Code     0  startup_stm32f446xx.o(.text)
    DMA1_Stream2_IRQHandler                  0x080001f7   Thumb Code     0  startup_stm32f446xx.o(.text)
    DMA1_Stream3_IRQHandler                  0x080001f7   Thumb Code     0  startup_stm32f446xx.o(.text)
    DMA1_Stream4_IRQHandler                  0x080001f7   Thumb Code     0  startup_stm32f446xx.o(.text)
    DMA1_Stream5_IRQHandler                  0x080001f7   Thumb Code     0  startup_stm32f446xx.o(.text)
    DMA1_Stream6_IRQHandler                  0x080001f7   Thumb Code     0  startup_stm32f446xx.o(.text)
    DMA1_Stream7_IRQHandler                  0x080001f7   Thumb Code     0  startup_stm32f446xx.o(.text)
    DMA2_Stream0_IRQHandler                  0x080001f7   Thumb Code     0  startup_stm32f446xx.o(.text)
    DMA2_Stream1_IRQHandler                  0x080001f7   Thumb Code     0  startup_stm32f446xx.o(.text)
    DMA2_Stream2_IRQHandler                  0x080001f7   Thumb Code     0  startup_stm32f446xx.o(.text)
    DMA2_Stream3_IRQHandler                  0x080001f7   Thumb Code     0  startup_stm32f446xx.o(.text)
    DMA2_Stream4_IRQHandler                  0x080001f7   Thumb Code     0  startup_stm32f446xx.o(.text)
    DMA2_Stream5_IRQHandler                  0x080001f7   Thumb Code     0  startup_stm32f446xx.o(.text)
    DMA2_Stream6_IRQHandler                  0x080001f7   Thumb Code     0  startup_stm32f446xx.o(.text)
    DMA2_Stream7_IRQHandler                  0x080001f7   Thumb Code     0  startup_stm32f446xx.o(.text)
    EXTI0_IRQHandler                         0x080001f7   Thumb Code     0  startup_stm32f446xx.o(.text)
    EXTI15_10_IRQHandler                     0x080001f7   Thumb Code     0  startup_stm32f446xx.o(.text)
    EXTI1_IRQHandler                         0x080001f7   Thumb Code     0  startup_stm32f446xx.o(.text)
    EXTI2_IRQHandler                         0x080001f7   Thumb Code     0  startup_stm32f446xx.o(.text)
    EXTI3_IRQHandler                         0x080001f7   Thumb Code     0  startup_stm32f446xx.o(.text)
    EXTI4_IRQHandler                         0x080001f7   Thumb Code     0  startup_stm32f446xx.o(.text)
    EXTI9_5_IRQHandler                       0x080001f7   Thumb Code     0  startup_stm32f446xx.o(.text)
    FLASH_IRQHandler                         0x080001f7   Thumb Code     0  startup_stm32f446xx.o(.text)
    FMC_IRQHandler                           0x080001f7   Thumb Code     0  startup_stm32f446xx.o(.text)
    FMPI2C1_ER_IRQHandler                    0x080001f7   Thumb Code     0  startup_stm32f446xx.o(.text)
    FMPI2C1_EV_IRQHandler                    0x080001f7   Thumb Code     0  startup_stm32f446xx.o(.text)
    FPU_IRQHandler                           0x080001f7   Thumb Code     0  startup_stm32f446xx.o(.text)
    I2C1_ER_IRQHandler                       0x080001f7   Thumb Code     0  startup_stm32f446xx.o(.text)
    I2C1_EV_IRQHandler                       0x080001f7   Thumb Code     0  startup_stm32f446xx.o(.text)
    I2C2_ER_IRQHandler                       0x080001f7   Thumb Code     0  startup_stm32f446xx.o(.text)
    I2C2_EV_IRQHandler                       0x080001f7   Thumb Code     0  startup_stm32f446xx.o(.text)
    I2C3_ER_IRQHandler                       0x080001f7   Thumb Code     0  startup_stm32f446xx.o(.text)
    I2C3_EV_IRQHandler                       0x080001f7   Thumb Code     0  startup_stm32f446xx.o(.text)
    OTG_FS_IRQHandler                        0x080001f7   Thumb Code     0  startup_stm32f446xx.o(.text)
    OTG_FS_WKUP_IRQHandler                   0x080001f7   Thumb Code     0  startup_stm32f446xx.o(.text)
    OTG_HS_EP1_IN_IRQHandler                 0x080001f7   Thumb Code     0  startup_stm32f446xx.o(.text)
    OTG_HS_EP1_OUT_IRQHandler                0x080001f7   Thumb Code     0  startup_stm32f446xx.o(.text)
    OTG_HS_IRQHandler                        0x080001f7   Thumb Code     0  startup_stm32f446xx.o(.text)
    OTG_HS_WKUP_IRQHandler                   0x080001f7   Thumb Code     0  startup_stm32f446xx.o(.text)
    PVD_IRQHandler                           0x080001f7   Thumb Code     0  startup_stm32f446xx.o(.text)
    QUADSPI_IRQHandler                       0x080001f7   Thumb Code     0  startup_stm32f446xx.o(.text)
    RCC_IRQHandler                           0x080001f7   Thumb Code     0  startup_stm32f446xx.o(.text)
    RTC_Alarm_IRQHandler                     0x080001f7   Thumb Code     0  startup_stm32f446xx.o(.text)
    RTC_WKUP_IRQHandler                      0x080001f7   Thumb Code     0  startup_stm32f446xx.o(.text)
    SAI1_IRQHandler                          0x080001f7   Thumb Code     0  startup_stm32f446xx.o(.text)
    SAI2_IRQHandler                          0x080001f7   Thumb Code     0  startup_stm32f446xx.o(.text)
    SDIO_IRQHandler                          0x080001f7   Thumb Code     0  startup_stm32f446xx.o(.text)
    SPDIF_RX_IRQHandler                      0x080001f7   Thumb Code     0  startup_stm32f446xx.o(.text)
    SPI1_IRQHandler                          0x080001f7   Thumb Code     0  startup_stm32f446xx.o(.text)
    SPI2_IRQHandler                          0x080001f7   Thumb Code     0  startup_stm32f446xx.o(.text)
    SPI3_IRQHandler                          0x080001f7   Thumb Code     0  startup_stm32f446xx.o(.text)
    SPI4_IRQHandler                          0x080001f7   Thumb Code     0  startup_stm32f446xx.o(.text)
    TAMP_STAMP_IRQHandler                    0x080001f7   Thumb Code     0  startup_stm32f446xx.o(.text)
    TIM1_BRK_TIM9_IRQHandler                 0x080001f7   Thumb Code     0  startup_stm32f446xx.o(.text)
    TIM1_CC_IRQHandler                       0x080001f7   Thumb Code     0  startup_stm32f446xx.o(.text)
    TIM1_TRG_COM_TIM11_IRQHandler            0x080001f7   Thumb Code     0  startup_stm32f446xx.o(.text)
    TIM1_UP_TIM10_IRQHandler                 0x080001f7   Thumb Code     0  startup_stm32f446xx.o(.text)
    TIM2_IRQHandler                          0x080001f7   Thumb Code     0  startup_stm32f446xx.o(.text)
    TIM3_IRQHandler                          0x080001f7   Thumb Code     0  startup_stm32f446xx.o(.text)
    TIM4_IRQHandler                          0x080001f7   Thumb Code     0  startup_stm32f446xx.o(.text)
    TIM5_IRQHandler                          0x080001f7   Thumb Code     0  startup_stm32f446xx.o(.text)
    TIM6_DAC_IRQHandler                      0x080001f7   Thumb Code     0  startup_stm32f446xx.o(.text)
    TIM7_IRQHandler                          0x080001f7   Thumb Code     0  startup_stm32f446xx.o(.text)
    TIM8_BRK_TIM12_IRQHandler                0x080001f7   Thumb Code     0  startup_stm32f446xx.o(.text)
    TIM8_CC_IRQHandler                       0x080001f7   Thumb Code     0  startup_stm32f446xx.o(.text)
    TIM8_TRG_COM_TIM14_IRQHandler            0x080001f7   Thumb Code     0  startup_stm32f446xx.o(.text)
    TIM8_UP_TIM13_IRQHandler                 0x080001f7   Thumb Code     0  startup_stm32f446xx.o(.text)
    UART4_IRQHandler                         0x080001f7   Thumb Code     0  startup_stm32f446xx.o(.text)
    UART5_IRQHandler                         0x080001f7   Thumb Code     0  startup_stm32f446xx.o(.text)
    USART1_IRQHandler                        0x080001f7   Thumb Code     0  startup_stm32f446xx.o(.text)
    USART2_IRQHandler                        0x080001f7   Thumb Code     0  startup_stm32f446xx.o(.text)
    USART3_IRQHandler                        0x080001f7   Thumb Code     0  startup_stm32f446xx.o(.text)
    USART6_IRQHandler                        0x080001f7   Thumb Code     0  startup_stm32f446xx.o(.text)
    WWDG_IRQHandler                          0x080001f7   Thumb Code     0  startup_stm32f446xx.o(.text)
    __aeabi_uldivmod                         0x08000201   Thumb Code    98  uldiv.o(.text)
    __aeabi_ldivmod                          0x08000263   Thumb Code    98  ldiv.o(.text)
    __aeabi_memset                           0x080002c5   Thumb Code    14  memseta.o(.text)
    __aeabi_memset4                          0x080002c5   Thumb Code     0  memseta.o(.text)
    __aeabi_memset8                          0x080002c5   Thumb Code     0  memseta.o(.text)
    __aeabi_memclr                           0x080002d3   Thumb Code     4  memseta.o(.text)
    __aeabi_memclr4                          0x080002d3   Thumb Code     0  memseta.o(.text)
    __aeabi_memclr8                          0x080002d3   Thumb Code     0  memseta.o(.text)
    _memset$wrapper                          0x080002d7   Thumb Code    18  memseta.o(.text)
    memcmp                                   0x080002e9   Thumb Code    26  memcmp.o(.text)
    __aeabi_dadd                             0x08000303   Thumb Code   322  dadd.o(.text)
    __aeabi_dsub                             0x08000445   Thumb Code     6  dadd.o(.text)
    __aeabi_drsub                            0x0800044b   Thumb Code     6  dadd.o(.text)
    __aeabi_dmul                             0x08000451   Thumb Code   228  dmul.o(.text)
    __aeabi_i2d                              0x08000535   Thumb Code    34  dflti.o(.text)
    __aeabi_f2d                              0x08000557   Thumb Code    38  f2d.o(.text)
    __aeabi_cdrcmple                         0x0800057d   Thumb Code    48  cdrcmple.o(.text)
    __aeabi_d2f                              0x080005ad   Thumb Code    56  d2f.o(.text)
    __aeabi_uidiv                            0x080005e5   Thumb Code     0  uidiv.o(.text)
    __aeabi_uidivmod                         0x080005e5   Thumb Code    44  uidiv.o(.text)
    __aeabi_llsl                             0x08000611   Thumb Code    30  llshl.o(.text)
    _ll_shift_l                              0x08000611   Thumb Code     0  llshl.o(.text)
    __aeabi_llsr                             0x0800062f   Thumb Code    32  llushr.o(.text)
    _ll_ushift_r                             0x0800062f   Thumb Code     0  llushr.o(.text)
    __aeabi_lasr                             0x0800064f   Thumb Code    36  llsshr.o(.text)
    _ll_sshift_r                             0x0800064f   Thumb Code     0  llsshr.o(.text)
    __I$use$fp                               0x08000673   Thumb Code     0  iusefp.o(.text)
    _float_round                             0x08000673   Thumb Code    18  fepilogue.o(.text)
    _float_epilogue                          0x08000685   Thumb Code    92  fepilogue.o(.text)
    _double_round                            0x080006e1   Thumb Code    30  depilogue.o(.text)
    _double_epilogue                         0x080006ff   Thumb Code   156  depilogue.o(.text)
    __aeabi_ddiv                             0x0800079b   Thumb Code   222  ddiv.o(.text)
    __aeabi_d2ulz                            0x08000879   Thumb Code    48  dfixul.o(.text)
    __aeabi_cdcmpeq                          0x080008a9   Thumb Code     0  cdcmple.o(.text)
    __aeabi_cdcmple                          0x080008a9   Thumb Code    48  cdcmple.o(.text)
    __scatterload                            0x080008d9   Thumb Code    28  init.o(.text)
    __scatterload_rt2                        0x080008d9   Thumb Code     0  init.o(.text)
    _dsqrt                                   0x080008fd   Thumb Code   162  dsqrt.o(.text)
    BusFault_Handler                         0x0800099f   Thumb Code     2  stm32f4xx_it.o(i.BusFault_Handler)
    DebugMon_Handler                         0x080009a1   Thumb Code     2  stm32f4xx_it.o(i.DebugMon_Handler)
    Error_Handler                            0x080009a3   Thumb Code     4  main.o(i.Error_Handler)
    HAL_Delay                                0x080009a9   Thumb Code    32  stm32f4xx_hal.o(i.HAL_Delay)
    HAL_GPIO_DeInit                          0x080009cd   Thumb Code   306  stm32f4xx_hal_gpio.o(i.HAL_GPIO_DeInit)
    HAL_GPIO_Init                            0x08000b25   Thumb Code   436  stm32f4xx_hal_gpio.o(i.HAL_GPIO_Init)
    HAL_GetTick                              0x08000d01   Thumb Code     6  stm32f4xx_hal.o(i.HAL_GetTick)
    HAL_I2C_DeInit                           0x08000d0d   Thumb Code    50  stm32f4xx_hal_i2c.o(i.HAL_I2C_DeInit)
    HAL_I2C_Init                             0x08000d41   Thumb Code   376  stm32f4xx_hal_i2c.o(i.HAL_I2C_Init)
    HAL_I2C_Mem_Read                         0x08000ec9   Thumb Code   502  stm32f4xx_hal_i2c.o(i.HAL_I2C_Mem_Read)
    HAL_I2C_Mem_Write                        0x080010cd   Thumb Code   294  stm32f4xx_hal_i2c.o(i.HAL_I2C_Mem_Write)
    HAL_I2C_MspDeInit                        0x080011fd   Thumb Code    44  i2c.o(i.HAL_I2C_MspDeInit)
    HAL_I2C_MspInit                          0x08001235   Thumb Code    92  i2c.o(i.HAL_I2C_MspInit)
    HAL_IncTick                              0x0800129d   Thumb Code    12  stm32f4xx_hal.o(i.HAL_IncTick)
    HAL_Init                                 0x080012ad   Thumb Code    48  stm32f4xx_hal.o(i.HAL_Init)
    HAL_InitTick                             0x080012e1   Thumb Code    54  stm32f4xx_hal.o(i.HAL_InitTick)
    HAL_MspInit                              0x08001321   Thumb Code    42  stm32f4xx_hal_msp.o(i.HAL_MspInit)
    HAL_NVIC_SetPriority                     0x08001351   Thumb Code    60  stm32f4xx_hal_cortex.o(i.HAL_NVIC_SetPriority)
    HAL_NVIC_SetPriorityGrouping             0x08001391   Thumb Code    26  stm32f4xx_hal_cortex.o(i.HAL_NVIC_SetPriorityGrouping)
    HAL_RCC_ClockConfig                      0x080013b5   Thumb Code   288  stm32f4xx_hal_rcc.o(i.HAL_RCC_ClockConfig)
    HAL_RCC_GetPCLK1Freq                     0x080014e9   Thumb Code    20  stm32f4xx_hal_rcc.o(i.HAL_RCC_GetPCLK1Freq)
    HAL_RCC_GetPCLK2Freq                     0x08001509   Thumb Code    20  stm32f4xx_hal_rcc.o(i.HAL_RCC_GetPCLK2Freq)
    HAL_RCC_GetSysClockFreq                  0x08001529   Thumb Code   140  stm32f4xx_hal_rcc_ex.o(i.HAL_RCC_GetSysClockFreq)
    HAL_RCC_OscConfig                        0x080015c1   Thumb Code   900  stm32f4xx_hal_rcc_ex.o(i.HAL_RCC_OscConfig)
    HAL_SYSTICK_Config                       0x08001959   Thumb Code    40  stm32f4xx_hal_cortex.o(i.HAL_SYSTICK_Config)
    HAL_UART_Init                            0x08001981   Thumb Code   100  stm32f4xx_hal_uart.o(i.HAL_UART_Init)
    HAL_UART_MspInit                         0x080019e5   Thumb Code    92  usart.o(i.HAL_UART_MspInit)
    HAL_UART_Transmit                        0x08001a4d   Thumb Code   160  stm32f4xx_hal_uart.o(i.HAL_UART_Transmit)
    HardFault_Handler                        0x08001aed   Thumb Code     2  stm32f4xx_it.o(i.HardFault_Handler)
    MPU6500Init                              0x08001f2d   Thumb Code   190  mpu6500.o(i.MPU6500Init)
    MX_GPIO_Init                             0x08001ff9   Thumb Code    54  gpio.o(i.MX_GPIO_Init)
    MX_I2C1_Init                             0x08002035   Thumb Code    50  i2c.o(i.MX_I2C1_Init)
    MX_USART2_UART_Init                      0x08002075   Thumb Code    48  usart.o(i.MX_USART2_UART_Init)
    MemManage_Handler                        0x080020ad   Thumb Code     2  stm32f4xx_it.o(i.MemManage_Handler)
    NMI_Handler                              0x080020af   Thumb Code     2  stm32f4xx_it.o(i.NMI_Handler)
    PendSV_Handler                           0x080020b1   Thumb Code     2  stm32f4xx_it.o(i.PendSV_Handler)
    SVC_Handler                              0x080020b3   Thumb Code     2  stm32f4xx_it.o(i.SVC_Handler)
    Sensors_I2C_ReadRegister                 0x080020b5   Thumb Code    24  mpu6500.o(i.Sensors_I2C_ReadRegister)
    Sensors_I2C_WriteRegister                0x080020d1   Thumb Code    24  mpu6500.o(i.Sensors_I2C_WriteRegister)
    SysTick_Handler                          0x080020ed   Thumb Code     4  stm32f4xx_it.o(i.SysTick_Handler)
    SystemClock_Config                       0x080020f1   Thumb Code   140  main.o(i.SystemClock_Config)
    SystemInit                               0x08002185   Thumb Code    12  system_stm32f4xx.o(i.SystemInit)
    UsageFault_Handler                       0x08002363   Thumb Code     2  stm32f4xx_it.o(i.UsageFault_Handler)
    __0printf                                0x08002365   Thumb Code    22  printfa.o(i.__0printf)
    __1printf                                0x08002365   Thumb Code     0  printfa.o(i.__0printf)
    __2printf                                0x08002365   Thumb Code     0  printfa.o(i.__0printf)
    __c89printf                              0x08002365   Thumb Code     0  printfa.o(i.__0printf)
    printf                                   0x08002365   Thumb Code     0  printfa.o(i.__0printf)
    __ARM_fpclassify                         0x08002385   Thumb Code    48  fpclassify.o(i.__ARM_fpclassify)
    __hardfp_asin                            0x080023d9   Thumb Code   770  asin.o(i.__hardfp_asin)
    __hardfp_atan                            0x08002739   Thumb Code   622  atan.o(i.__hardfp_atan)
    __hardfp_atan2                           0x08002a11   Thumb Code   448  atan2.o(i.__hardfp_atan2)
    __hardfp_fabs                            0x08002c11   Thumb Code    20  fabs.o(i.__hardfp_fabs)
    __kernel_poly                            0x08002c25   Thumb Code   248  poly.o(i.__kernel_poly)
    __mathlib_dbl_infnan                     0x08002d1d   Thumb Code    20  dunder.o(i.__mathlib_dbl_infnan)
    __mathlib_dbl_infnan2                    0x08002d31   Thumb Code    20  dunder.o(i.__mathlib_dbl_infnan2)
    __mathlib_dbl_invalid                    0x08002d49   Thumb Code    24  dunder.o(i.__mathlib_dbl_invalid)
    __mathlib_dbl_underflow                  0x08002d69   Thumb Code    24  dunder.o(i.__mathlib_dbl_underflow)
    __scatterload_copy                       0x08002d89   Thumb Code    14  handlers.o(i.__scatterload_copy)
    __scatterload_null                       0x08002d97   Thumb Code     2  handlers.o(i.__scatterload_null)
    __scatterload_zeroinit                   0x08002d99   Thumb Code    14  handlers.o(i.__scatterload_zeroinit)
    __set_errno                              0x08002da9   Thumb Code     6  errno.o(i.__set_errno)
    atan                                     0x080037d9   Thumb Code    16  atan.o(i.atan)
    dmp_enable_6x_lp_quat                    0x080037e9   Thumb Code    58  inv_mpu_dmp_motion_driver.o(i.dmp_enable_6x_lp_quat)
    dmp_enable_feature                       0x08003825   Thumb Code   464  inv_mpu_dmp_motion_driver.o(i.dmp_enable_feature)
    dmp_enable_gyro_cal                      0x080039fd   Thumb Code    34  inv_mpu_dmp_motion_driver.o(i.dmp_enable_gyro_cal)
    dmp_enable_lp_quat                       0x08003a39   Thumb Code    58  inv_mpu_dmp_motion_driver.o(i.dmp_enable_lp_quat)
    dmp_load_motion_driver_firmware          0x08003a75   Thumb Code    16  inv_mpu_dmp_motion_driver.o(i.dmp_load_motion_driver_firmware)
    dmp_read_fifo                            0x08003a89   Thumb Code   356  inv_mpu_dmp_motion_driver.o(i.dmp_read_fifo)
    dmp_set_fifo_rate                        0x08003bf1   Thumb Code    82  inv_mpu_dmp_motion_driver.o(i.dmp_set_fifo_rate)
    dmp_set_orientation                      0x08003c55   Thumb Code   246  inv_mpu_dmp_motion_driver.o(i.dmp_set_orientation)
    dmp_set_shake_reject_thresh              0x08003d61   Thumb Code    48  inv_mpu_dmp_motion_driver.o(i.dmp_set_shake_reject_thresh)
    dmp_set_shake_reject_time                0x08003d91   Thumb Code    32  inv_mpu_dmp_motion_driver.o(i.dmp_set_shake_reject_time)
    dmp_set_shake_reject_timeout             0x08003db1   Thumb Code    32  inv_mpu_dmp_motion_driver.o(i.dmp_set_shake_reject_timeout)
    dmp_set_tap_axes                         0x08003dd1   Thumb Code    64  inv_mpu_dmp_motion_driver.o(i.dmp_set_tap_axes)
    dmp_set_tap_count                        0x08003e11   Thumb Code    34  inv_mpu_dmp_motion_driver.o(i.dmp_set_tap_count)
    dmp_set_tap_thresh                       0x08003e35   Thumb Code   314  inv_mpu_dmp_motion_driver.o(i.dmp_set_tap_thresh)
    dmp_set_tap_time                         0x08003f95   Thumb Code    32  inv_mpu_dmp_motion_driver.o(i.dmp_set_tap_time)
    dmp_set_tap_time_multi                   0x08003fb5   Thumb Code    32  inv_mpu_dmp_motion_driver.o(i.dmp_set_tap_time_multi)
    fabs                                     0x08003fd5   Thumb Code    24  fabs.o(i.fabs)
    fputc                                    0x08003fed   Thumb Code    20  main.o(i.fputc)
    get_tick_count                           0x08004371   Thumb Code    14  mpu6500.o(i.get_tick_count)
    main                                     0x08004541   Thumb Code   666  main.o(i.main)
    mdelay                                   0x0800481d   Thumb Code    10  mpu6500.o(i.mdelay)
    mpu_configure_fifo                       0x08004829   Thumb Code    78  inv_mpu.o(i.mpu_configure_fifo)
    mpu_get_accel_fsr                        0x0800487d   Thumb Code    54  inv_mpu.o(i.mpu_get_accel_fsr)
    mpu_get_gyro_fsr                         0x080048b9   Thumb Code    48  inv_mpu.o(i.mpu_get_gyro_fsr)
    mpu_get_lpf                              0x080048ed   Thumb Code    52  inv_mpu.o(i.mpu_get_lpf)
    mpu_get_sample_rate                      0x08004925   Thumb Code    22  inv_mpu.o(i.mpu_get_sample_rate)
    mpu_init                                 0x08004941   Thumb Code   206  inv_mpu.o(i.mpu_init)
    mpu_load_firmware                        0x08004a15   Thumb Code   154  inv_mpu.o(i.mpu_load_firmware)
    mpu_lp_accel_mode                        0x08004ab5   Thumb Code   180  inv_mpu.o(i.mpu_lp_accel_mode)
    mpu_read_6500_accel_bias                 0x08004b6d   Thumb Code    96  inv_mpu.o(i.mpu_read_6500_accel_bias)
    mpu_read_fifo_stream                     0x08004bd1   Thumb Code   140  inv_mpu.o(i.mpu_read_fifo_stream)
    mpu_read_mem                             0x08004c61   Thumb Code    80  inv_mpu.o(i.mpu_read_mem)
    mpu_reset_fifo                           0x08004cb5   Thumb Code   346  inv_mpu.o(i.mpu_reset_fifo)
    mpu_run_6500_self_test                   0x08004e15   Thumb Code   246  inv_mpu.o(i.mpu_run_6500_self_test)
    mpu_set_accel_bias_6500_reg              0x08004f11   Thumb Code   170  inv_mpu.o(i.mpu_set_accel_bias_6500_reg)
    mpu_set_accel_fsr                        0x08004fc1   Thumb Code    98  inv_mpu.o(i.mpu_set_accel_fsr)
    mpu_set_bypass                           0x08005029   Thumb Code   214  inv_mpu.o(i.mpu_set_bypass)
    mpu_set_dmp_state                        0x08005105   Thumb Code   114  inv_mpu.o(i.mpu_set_dmp_state)
    mpu_set_gyro_fsr                         0x0800517d   Thumb Code   104  inv_mpu.o(i.mpu_set_gyro_fsr)
    mpu_set_int_latched                      0x080051e9   Thumb Code    94  inv_mpu.o(i.mpu_set_int_latched)
    mpu_set_lpf                              0x0800524d   Thumb Code   102  inv_mpu.o(i.mpu_set_lpf)
    mpu_set_sample_rate                      0x080052b9   Thumb Code   124  inv_mpu.o(i.mpu_set_sample_rate)
    mpu_set_sensors                          0x08005339   Thumb Code   178  inv_mpu.o(i.mpu_set_sensors)
    mpu_write_mem                            0x080053f1   Thumb Code    80  inv_mpu.o(i.mpu_write_mem)
    run_self_test                            0x08005445   Thumb Code   126  mpu6500.o(i.run_self_test)
    sqrt                                     0x08005525   Thumb Code   110  sqrt.o(i.sqrt)
    gyro_orientation                         0x08005592   Data           9  mpu6500.o(.constdata)
    reg                                      0x08006191   Data          30  inv_mpu.o(.constdata)
    hw                                       0x080061b0   Data          12  inv_mpu.o(.constdata)
    test                                     0x080061bc   Data          48  inv_mpu.o(.constdata)
    AHBPrescTable                            0x080063ec   Data          16  system_stm32f4xx.o(.constdata)
    APBPrescTable                            0x080063fc   Data           8  system_stm32f4xx.o(.constdata)
    __mathlib_zero                           0x080064f0   Data           8  qnan.o(.constdata)
    Region$$Table$$Base                      0x080064f8   Number         0  anon$$obj.o(Region$$Table)
    Region$$Table$$Limit                     0x08006518   Number         0  anon$$obj.o(Region$$Table)
    more                                     0x20000030   Data           1  main.o(.data)
    sensors                                  0x20000032   Data           2  main.o(.data)
    fpitch                                   0x20000034   Data           4  main.o(.data)
    froll                                    0x20000038   Data           4  main.o(.data)
    fyaw                                     0x2000003c   Data           4  main.o(.data)
    sensor_timestamp                         0x20000040   Data           4  main.o(.data)
    gyro                                     0x20000044   Data           6  main.o(.data)
    acce                                     0x2000004a   Data           6  main.o(.data)
    q0                                       0x20000050   Data           8  main.o(.data)
    q1                                       0x20000058   Data           8  main.o(.data)
    q2                                       0x20000060   Data           8  main.o(.data)
    q3                                       0x20000068   Data           8  main.o(.data)
    uwTickFreq                               0x20000070   Data           1  stm32f4xx_hal.o(.data)
    uwTickPrio                               0x20000074   Data           4  stm32f4xx_hal.o(.data)
    uwTick                                   0x20000078   Data           4  stm32f4xx_hal.o(.data)
    SystemCoreClock                          0x2000007c   Data           4  system_stm32f4xx.o(.data)
    __stdout                                 0x20000080   Data           4  stdout.o(.data)
    quat                                     0x20000098   Data          16  main.o(.bss)
    hi2c1                                    0x200000a8   Data          84  i2c.o(.bss)
    huart2                                   0x200000fc   Data          72  usart.o(.bss)
    __initial_sp                             0x20000548   Data           0  startup_stm32f446xx.o(STACK)



==============================================================================

Memory Map of the image

  Image Entry point : 0x080001c5

  Load Region LR_IROM1 (Base: 0x08000000, Size: 0x000065a0, Max: 0x00080000, ABSOLUTE)

    Execution Region ER_IROM1 (Exec base: 0x08000000, Load base: 0x08000000, Size: 0x00006518, Max: 0x00080000, ABSOLUTE)

    Exec Addr    Load Addr    Size         Type   Attr      Idx    E Section Name        Object

    0x08000000   0x08000000   0x000001c4   Data   RO            3    RESET               startup_stm32f446xx.o
    0x080001c4   0x080001c4   0x00000000   Code   RO         3167  * .ARM.Collect$$$$00000000  mc_w.l(entry.o)
    0x080001c4   0x080001c4   0x00000004   Code   RO         3496    .ARM.Collect$$$$00000001  mc_w.l(entry2.o)
    0x080001c8   0x080001c8   0x00000004   Code   RO         3499    .ARM.Collect$$$$00000004  mc_w.l(entry5.o)
    0x080001cc   0x080001cc   0x00000000   Code   RO         3501    .ARM.Collect$$$$00000008  mc_w.l(entry7b.o)
    0x080001cc   0x080001cc   0x00000000   Code   RO         3503    .ARM.Collect$$$$0000000A  mc_w.l(entry8b.o)
    0x080001cc   0x080001cc   0x00000008   Code   RO         3504    .ARM.Collect$$$$0000000B  mc_w.l(entry9a.o)
    0x080001d4   0x080001d4   0x00000004   Code   RO         3511    .ARM.Collect$$$$0000000E  mc_w.l(entry12b.o)
    0x080001d8   0x080001d8   0x00000000   Code   RO         3506    .ARM.Collect$$$$0000000F  mc_w.l(entry10a.o)
    0x080001d8   0x080001d8   0x00000000   Code   RO         3508    .ARM.Collect$$$$00000011  mc_w.l(entry11a.o)
    0x080001d8   0x080001d8   0x00000004   Code   RO         3497    .ARM.Collect$$$$00002712  mc_w.l(entry2.o)
    0x080001dc   0x080001dc   0x00000024   Code   RO            4    .text               startup_stm32f446xx.o
    0x08000200   0x08000200   0x00000062   Code   RO         3170    .text               mc_w.l(uldiv.o)
    0x08000262   0x08000262   0x00000062   Code   RO         3172    .text               mc_w.l(ldiv.o)
    0x080002c4   0x080002c4   0x00000024   Code   RO         3174    .text               mc_w.l(memseta.o)
    0x080002e8   0x080002e8   0x0000001a   Code   RO         3176    .text               mc_w.l(memcmp.o)
    0x08000302   0x08000302   0x0000014e   Code   RO         3439    .text               mf_w.l(dadd.o)
    0x08000450   0x08000450   0x000000e4   Code   RO         3441    .text               mf_w.l(dmul.o)
    0x08000534   0x08000534   0x00000022   Code   RO         3443    .text               mf_w.l(dflti.o)
    0x08000556   0x08000556   0x00000026   Code   RO         3445    .text               mf_w.l(f2d.o)
    0x0800057c   0x0800057c   0x00000030   Code   RO         3447    .text               mf_w.l(cdrcmple.o)
    0x080005ac   0x080005ac   0x00000038   Code   RO         3449    .text               mf_w.l(d2f.o)
    0x080005e4   0x080005e4   0x0000002c   Code   RO         3513    .text               mc_w.l(uidiv.o)
    0x08000610   0x08000610   0x0000001e   Code   RO         3515    .text               mc_w.l(llshl.o)
    0x0800062e   0x0800062e   0x00000020   Code   RO         3517    .text               mc_w.l(llushr.o)
    0x0800064e   0x0800064e   0x00000024   Code   RO         3519    .text               mc_w.l(llsshr.o)
    0x08000672   0x08000672   0x00000000   Code   RO         3528    .text               mc_w.l(iusefp.o)
    0x08000672   0x08000672   0x0000006e   Code   RO         3529    .text               mf_w.l(fepilogue.o)
    0x080006e0   0x080006e0   0x000000ba   Code   RO         3531    .text               mf_w.l(depilogue.o)
    0x0800079a   0x0800079a   0x000000de   Code   RO         3533    .text               mf_w.l(ddiv.o)
    0x08000878   0x08000878   0x00000030   Code   RO         3537    .text               mf_w.l(dfixul.o)
    0x080008a8   0x080008a8   0x00000030   Code   RO         3539    .text               mf_w.l(cdcmple.o)
    0x080008d8   0x080008d8   0x00000024   Code   RO         3541    .text               mc_w.l(init.o)
    0x080008fc   0x080008fc   0x000000a2   Code   RO         3543    .text               mf_w.l(dsqrt.o)
    0x0800099e   0x0800099e   0x00000002   Code   RO          883    i.BusFault_Handler  stm32f4xx_it.o
    0x080009a0   0x080009a0   0x00000002   Code   RO          884    i.DebugMon_Handler  stm32f4xx_it.o
    0x080009a2   0x080009a2   0x00000004   Code   RO          713    i.Error_Handler     main.o
    0x080009a6   0x080009a6   0x00000002   PAD
    0x080009a8   0x080009a8   0x00000024   Code   RO         2450    i.HAL_Delay         stm32f4xx_hal.o
    0x080009cc   0x080009cc   0x00000158   Code   RO         1885    i.HAL_GPIO_DeInit   stm32f4xx_hal_gpio.o
    0x08000b24   0x08000b24   0x000001dc   Code   RO         1888    i.HAL_GPIO_Init     stm32f4xx_hal_gpio.o
    0x08000d00   0x08000d00   0x0000000c   Code   RO         2456    i.HAL_GetTick       stm32f4xx_hal.o
    0x08000d0c   0x08000d0c   0x00000032   Code   RO          984    i.HAL_I2C_DeInit    stm32f4xx_hal_i2c.o
    0x08000d3e   0x08000d3e   0x00000002   PAD
    0x08000d40   0x08000d40   0x00000188   Code   RO          993    i.HAL_I2C_Init      stm32f4xx_hal_i2c.o
    0x08000ec8   0x08000ec8   0x00000204   Code   RO         1011    i.HAL_I2C_Mem_Read  stm32f4xx_hal_i2c.o
    0x080010cc   0x080010cc   0x00000130   Code   RO         1014    i.HAL_I2C_Mem_Write  stm32f4xx_hal_i2c.o
    0x080011fc   0x080011fc   0x00000038   Code   RO          799    i.HAL_I2C_MspDeInit  i2c.o
    0x08001234   0x08001234   0x00000068   Code   RO          800    i.HAL_I2C_MspInit   i2c.o
    0x0800129c   0x0800129c   0x00000010   Code   RO         2462    i.HAL_IncTick       stm32f4xx_hal.o
    0x080012ac   0x080012ac   0x00000034   Code   RO         2463    i.HAL_Init          stm32f4xx_hal.o
    0x080012e0   0x080012e0   0x00000040   Code   RO         2464    i.HAL_InitTick      stm32f4xx_hal.o
    0x08001320   0x08001320   0x00000030   Code   RO          958    i.HAL_MspInit       stm32f4xx_hal_msp.o
    0x08001350   0x08001350   0x00000040   Code   RO         2304    i.HAL_NVIC_SetPriority  stm32f4xx_hal_cortex.o
    0x08001390   0x08001390   0x00000024   Code   RO         2305    i.HAL_NVIC_SetPriorityGrouping  stm32f4xx_hal_cortex.o
    0x080013b4   0x080013b4   0x00000134   Code   RO         1450    i.HAL_RCC_ClockConfig  stm32f4xx_hal_rcc.o
    0x080014e8   0x080014e8   0x00000020   Code   RO         1457    i.HAL_RCC_GetPCLK1Freq  stm32f4xx_hal_rcc.o
    0x08001508   0x08001508   0x00000020   Code   RO         1458    i.HAL_RCC_GetPCLK2Freq  stm32f4xx_hal_rcc.o
    0x08001528   0x08001528   0x00000098   Code   RO         1561    i.HAL_RCC_GetSysClockFreq  stm32f4xx_hal_rcc_ex.o
    0x080015c0   0x080015c0   0x00000398   Code   RO         1562    i.HAL_RCC_OscConfig  stm32f4xx_hal_rcc_ex.o
    0x08001958   0x08001958   0x00000028   Code   RO         2309    i.HAL_SYSTICK_Config  stm32f4xx_hal_cortex.o
    0x08001980   0x08001980   0x00000064   Code   RO         2767    i.HAL_UART_Init     stm32f4xx_hal_uart.o
    0x080019e4   0x080019e4   0x00000068   Code   RO          842    i.HAL_UART_MspInit  usart.o
    0x08001a4c   0x08001a4c   0x000000a0   Code   RO         2775    i.HAL_UART_Transmit  stm32f4xx_hal_uart.o
    0x08001aec   0x08001aec   0x00000002   Code   RO          885    i.HardFault_Handler  stm32f4xx_it.o
    0x08001aee   0x08001aee   0x0000002e   Code   RO         1036    i.I2C_IsAcknowledgeFailed  stm32f4xx_hal_i2c.o
    0x08001b1c   0x08001b1c   0x000000fc   Code   RO         1046    i.I2C_RequestMemoryRead  stm32f4xx_hal_i2c.o
    0x08001c18   0x08001c18   0x000000a8   Code   RO         1047    i.I2C_RequestMemoryWrite  stm32f4xx_hal_i2c.o
    0x08001cc0   0x08001cc0   0x00000056   Code   RO         1051    i.I2C_WaitOnBTFFlagUntilTimeout  stm32f4xx_hal_i2c.o
    0x08001d16   0x08001d16   0x00000002   PAD
    0x08001d18   0x08001d18   0x00000090   Code   RO         1052    i.I2C_WaitOnFlagUntilTimeout  stm32f4xx_hal_i2c.o
    0x08001da8   0x08001da8   0x000000bc   Code   RO         1053    i.I2C_WaitOnMasterAddressFlagUntilTimeout  stm32f4xx_hal_i2c.o
    0x08001e64   0x08001e64   0x00000070   Code   RO         1054    i.I2C_WaitOnRXNEFlagUntilTimeout  stm32f4xx_hal_i2c.o
    0x08001ed4   0x08001ed4   0x00000056   Code   RO         1055    i.I2C_WaitOnTXEFlagUntilTimeout  stm32f4xx_hal_i2c.o
    0x08001f2a   0x08001f2a   0x00000002   PAD
    0x08001f2c   0x08001f2c   0x000000cc   Code   RO           13    i.MPU6500Init       mpu6500.o
    0x08001ff8   0x08001ff8   0x0000003c   Code   RO          775    i.MX_GPIO_Init      gpio.o
    0x08002034   0x08002034   0x00000040   Code   RO          801    i.MX_I2C1_Init      i2c.o
    0x08002074   0x08002074   0x00000038   Code   RO          843    i.MX_USART2_UART_Init  usart.o
    0x080020ac   0x080020ac   0x00000002   Code   RO          886    i.MemManage_Handler  stm32f4xx_it.o
    0x080020ae   0x080020ae   0x00000002   Code   RO          887    i.NMI_Handler       stm32f4xx_it.o
    0x080020b0   0x080020b0   0x00000002   Code   RO          888    i.PendSV_Handler    stm32f4xx_it.o
    0x080020b2   0x080020b2   0x00000002   Code   RO          889    i.SVC_Handler       stm32f4xx_it.o
    0x080020b4   0x080020b4   0x0000001c   Code   RO           14    i.Sensors_I2C_ReadRegister  mpu6500.o
    0x080020d0   0x080020d0   0x0000001c   Code   RO           15    i.Sensors_I2C_WriteRegister  mpu6500.o
    0x080020ec   0x080020ec   0x00000004   Code   RO          890    i.SysTick_Handler   stm32f4xx_it.o
    0x080020f0   0x080020f0   0x00000094   Code   RO          714    i.SystemClock_Config  main.o
    0x08002184   0x08002184   0x00000010   Code   RO         3101    i.SystemInit        system_stm32f4xx.o
    0x08002194   0x08002194   0x0000004e   Code   RO         2790    i.UART_EndRxTransfer  stm32f4xx_hal_uart.o
    0x080021e2   0x080021e2   0x00000002   PAD
    0x080021e4   0x080021e4   0x0000010c   Code   RO         2793    i.UART_SetConfig    stm32f4xx_hal_uart.o
    0x080022f0   0x080022f0   0x00000072   Code   RO         2796    i.UART_WaitOnFlagUntilTimeout  stm32f4xx_hal_uart.o
    0x08002362   0x08002362   0x00000002   Code   RO          891    i.UsageFault_Handler  stm32f4xx_it.o
    0x08002364   0x08002364   0x00000020   Code   RO         3411    i.__0printf         mc_w.l(printfa.o)
    0x08002384   0x08002384   0x00000030   Code   RO         3479    i.__ARM_fpclassify  m_wm.l(fpclassify.o)
    0x080023b4   0x080023b4   0x00000020   Code   RO         2311    i.__NVIC_SetPriority  stm32f4xx_hal_cortex.o
    0x080023d4   0x080023d4   0x00000004   PAD
    0x080023d8   0x080023d8   0x00000360   Code   RO         3135    i.__hardfp_asin     m_wm.l(asin.o)
    0x08002738   0x08002738   0x000002d8   Code   RO         3451    i.__hardfp_atan     m_wm.l(atan.o)
    0x08002a10   0x08002a10   0x00000200   Code   RO         3149    i.__hardfp_atan2    m_wm.l(atan2.o)
    0x08002c10   0x08002c10   0x00000014   Code   RO         3161    i.__hardfp_fabs     m_wm.l(fabs.o)
    0x08002c24   0x08002c24   0x000000f8   Code   RO         3481    i.__kernel_poly     m_wm.l(poly.o)
    0x08002d1c   0x08002d1c   0x00000014   Code   RO         3466    i.__mathlib_dbl_infnan  m_wm.l(dunder.o)
    0x08002d30   0x08002d30   0x00000014   Code   RO         3467    i.__mathlib_dbl_infnan2  m_wm.l(dunder.o)
    0x08002d44   0x08002d44   0x00000004   PAD
    0x08002d48   0x08002d48   0x00000020   Code   RO         3468    i.__mathlib_dbl_invalid  m_wm.l(dunder.o)
    0x08002d68   0x08002d68   0x00000020   Code   RO         3471    i.__mathlib_dbl_underflow  m_wm.l(dunder.o)
    0x08002d88   0x08002d88   0x0000000e   Code   RO         3547    i.__scatterload_copy  mc_w.l(handlers.o)
    0x08002d96   0x08002d96   0x00000002   Code   RO         3548    i.__scatterload_null  mc_w.l(handlers.o)
    0x08002d98   0x08002d98   0x0000000e   Code   RO         3549    i.__scatterload_zeroinit  mc_w.l(handlers.o)
    0x08002da6   0x08002da6   0x00000002   PAD
    0x08002da8   0x08002da8   0x0000000c   Code   RO         3523    i.__set_errno       mc_w.l(errno.o)
    0x08002db4   0x08002db4   0x00000184   Code   RO         3418    i._fp_digits        mc_w.l(printfa.o)
    0x08002f38   0x08002f38   0x000006b4   Code   RO         3419    i._printf_core      mc_w.l(printfa.o)
    0x080035ec   0x080035ec   0x00000024   Code   RO         3420    i._printf_post_padding  mc_w.l(printfa.o)
    0x08003610   0x08003610   0x0000002e   Code   RO         3421    i._printf_pre_padding  mc_w.l(printfa.o)
    0x0800363e   0x0800363e   0x00000002   PAD
    0x08003640   0x08003640   0x00000198   Code   RO          388    i.accel_6500_self_test  inv_mpu.o
    0x080037d8   0x080037d8   0x00000010   Code   RO         3453    i.atan              m_wm.l(atan.o)
    0x080037e8   0x080037e8   0x0000003a   Code   RO          186    i.dmp_enable_6x_lp_quat  inv_mpu_dmp_motion_driver.o
    0x08003822   0x08003822   0x00000002   PAD
    0x08003824   0x08003824   0x000001d8   Code   RO          187    i.dmp_enable_feature  inv_mpu_dmp_motion_driver.o
    0x080039fc   0x080039fc   0x0000003c   Code   RO          188    i.dmp_enable_gyro_cal  inv_mpu_dmp_motion_driver.o
    0x08003a38   0x08003a38   0x0000003a   Code   RO          189    i.dmp_enable_lp_quat  inv_mpu_dmp_motion_driver.o
    0x08003a72   0x08003a72   0x00000002   PAD
    0x08003a74   0x08003a74   0x00000014   Code   RO          194    i.dmp_load_motion_driver_firmware  inv_mpu_dmp_motion_driver.o
    0x08003a88   0x08003a88   0x00000168   Code   RO          195    i.dmp_read_fifo     inv_mpu_dmp_motion_driver.o
    0x08003bf0   0x08003bf0   0x00000064   Code   RO          199    i.dmp_set_fifo_rate  inv_mpu_dmp_motion_driver.o
    0x08003c54   0x08003c54   0x0000010c   Code   RO          202    i.dmp_set_orientation  inv_mpu_dmp_motion_driver.o
    0x08003d60   0x08003d60   0x00000030   Code   RO          205    i.dmp_set_shake_reject_thresh  inv_mpu_dmp_motion_driver.o
    0x08003d90   0x08003d90   0x00000020   Code   RO          206    i.dmp_set_shake_reject_time  inv_mpu_dmp_motion_driver.o
    0x08003db0   0x08003db0   0x00000020   Code   RO          207    i.dmp_set_shake_reject_timeout  inv_mpu_dmp_motion_driver.o
    0x08003dd0   0x08003dd0   0x00000040   Code   RO          208    i.dmp_set_tap_axes  inv_mpu_dmp_motion_driver.o
    0x08003e10   0x08003e10   0x00000022   Code   RO          209    i.dmp_set_tap_count  inv_mpu_dmp_motion_driver.o
    0x08003e32   0x08003e32   0x00000002   PAD
    0x08003e34   0x08003e34   0x00000160   Code   RO          210    i.dmp_set_tap_thresh  inv_mpu_dmp_motion_driver.o
    0x08003f94   0x08003f94   0x00000020   Code   RO          211    i.dmp_set_tap_time  inv_mpu_dmp_motion_driver.o
    0x08003fb4   0x08003fb4   0x00000020   Code   RO          212    i.dmp_set_tap_time_multi  inv_mpu_dmp_motion_driver.o
    0x08003fd4   0x08003fd4   0x00000018   Code   RO         3163    i.fabs              m_wm.l(fabs.o)
    0x08003fec   0x08003fec   0x00000018   Code   RO          715    i.fputc             main.o
    0x08004004   0x08004004   0x0000036c   Code   RO          389    i.get_st_6500_biases  inv_mpu.o
    0x08004370   0x08004370   0x0000000e   Code   RO           16    i.get_tick_count    mpu6500.o
    0x0800437e   0x0800437e   0x00000002   PAD
    0x08004380   0x08004380   0x00000178   Code   RO          391    i.gyro_6500_self_test  inv_mpu.o
    0x080044f8   0x080044f8   0x00000048   Code   RO           17    i.inv_row_2_scale   mpu6500.o
    0x08004540   0x08004540   0x000002dc   Code   RO          716    i.main              main.o
    0x0800481c   0x0800481c   0x0000000a   Code   RO           18    i.mdelay            mpu6500.o
    0x08004826   0x08004826   0x00000002   PAD
    0x08004828   0x08004828   0x00000054   Code   RO          392    i.mpu_configure_fifo  inv_mpu.o
    0x0800487c   0x0800487c   0x0000003c   Code   RO          393    i.mpu_get_accel_fsr  inv_mpu.o
    0x080048b8   0x080048b8   0x00000034   Code   RO          401    i.mpu_get_gyro_fsr  inv_mpu.o
    0x080048ec   0x080048ec   0x00000038   Code   RO          405    i.mpu_get_lpf       inv_mpu.o
    0x08004924   0x08004924   0x0000001c   Code   RO          407    i.mpu_get_sample_rate  inv_mpu.o
    0x08004940   0x08004940   0x000000d4   Code   RO          409    i.mpu_init          inv_mpu.o
    0x08004a14   0x08004a14   0x000000a0   Code   RO          410    i.mpu_load_firmware  inv_mpu.o
    0x08004ab4   0x08004ab4   0x000000b8   Code   RO          411    i.mpu_lp_accel_mode  inv_mpu.o
    0x08004b6c   0x08004b6c   0x00000064   Code   RO          414    i.mpu_read_6500_accel_bias  inv_mpu.o
    0x08004bd0   0x08004bd0   0x00000090   Code   RO          417    i.mpu_read_fifo_stream  inv_mpu.o
    0x08004c60   0x08004c60   0x00000054   Code   RO          418    i.mpu_read_mem      inv_mpu.o
    0x08004cb4   0x08004cb4   0x00000160   Code   RO          421    i.mpu_reset_fifo    inv_mpu.o
    0x08004e14   0x08004e14   0x000000fc   Code   RO          422    i.mpu_run_6500_self_test  inv_mpu.o
    0x08004f10   0x08004f10   0x000000b0   Code   RO          425    i.mpu_set_accel_bias_6500_reg  inv_mpu.o
    0x08004fc0   0x08004fc0   0x00000068   Code   RO          426    i.mpu_set_accel_fsr  inv_mpu.o
    0x08005028   0x08005028   0x000000dc   Code   RO          427    i.mpu_set_bypass    inv_mpu.o
    0x08005104   0x08005104   0x00000078   Code   RO          429    i.mpu_set_dmp_state  inv_mpu.o
    0x0800517c   0x0800517c   0x0000006c   Code   RO          431    i.mpu_set_gyro_fsr  inv_mpu.o
    0x080051e8   0x080051e8   0x00000064   Code   RO          432    i.mpu_set_int_latched  inv_mpu.o
    0x0800524c   0x0800524c   0x0000006c   Code   RO          434    i.mpu_set_lpf       inv_mpu.o
    0x080052b8   0x080052b8   0x00000080   Code   RO          435    i.mpu_set_sample_rate  inv_mpu.o
    0x08005338   0x08005338   0x000000b8   Code   RO          436    i.mpu_set_sensors   inv_mpu.o
    0x080053f0   0x080053f0   0x00000054   Code   RO          437    i.mpu_write_mem     inv_mpu.o
    0x08005444   0x08005444   0x00000088   Code   RO           19    i.run_self_test     mpu6500.o
    0x080054cc   0x080054cc   0x00000058   Code   RO          438    i.set_int_enable    inv_mpu.o
    0x08005524   0x08005524   0x0000006e   Code   RO         3486    i.sqrt              m_wm.l(sqrt.o)
    0x08005592   0x08005592   0x00000009   Data   RO           20    .constdata          mpu6500.o
    0x0800559b   0x0800559b   0x00000bf6   Data   RO          214    .constdata          inv_mpu_dmp_motion_driver.o
    0x08006191   0x08006191   0x0000001e   Data   RO          439    .constdata          inv_mpu.o
    0x080061af   0x080061af   0x00000001   PAD
    0x080061b0   0x080061b0   0x0000000c   Data   RO          440    .constdata          inv_mpu.o
    0x080061bc   0x080061bc   0x00000030   Data   RO          441    .constdata          inv_mpu.o
    0x080061ec   0x080061ec   0x00000200   Data   RO          442    .constdata          inv_mpu.o
    0x080063ec   0x080063ec   0x00000010   Data   RO         3102    .constdata          system_stm32f4xx.o
    0x080063fc   0x080063fc   0x00000008   Data   RO         3103    .constdata          system_stm32f4xx.o
    0x08006404   0x08006404   0x00000004   PAD
    0x08006408   0x08006408   0x00000050   Data   RO         3138    .constdata          m_wm.l(asin.o)
    0x08006458   0x08006458   0x00000098   Data   RO         3454    .constdata          m_wm.l(atan.o)
    0x080064f0   0x080064f0   0x00000008   Data   RO         3483    .constdata          m_wm.l(qnan.o)
    0x080064f8   0x080064f8   0x00000020   Data   RO         3545    Region$$Table       anon$$obj.o


    Execution Region RW_IRAM1 (Exec base: 0x20000000, Load base: 0x08006518, Size: 0x00000548, Max: 0x00020000, ABSOLUTE)

    Exec Addr    Load Addr    Size         Type   Attr      Idx    E Section Name        Object

    0x20000000   0x08006518   0x0000002c   Data   RW          443    .data               inv_mpu.o
    0x2000002c   0x08006544   0x00000004   PAD
    0x20000030   0x08006548   0x00000040   Data   RW          720    .data               main.o
    0x20000070   0x08006588   0x0000000c   Data   RW         2470    .data               stm32f4xx_hal.o
    0x2000007c   0x08006594   0x00000004   Data   RW         3104    .data               system_stm32f4xx.o
    0x20000080   0x08006598   0x00000004   Data   RW         3512    .data               mc_w.l(stdout.o)
    0x20000084   0x0800659c   0x00000004   Data   RW         3524    .data               mc_w.l(errno.o)
    0x20000088        -       0x00000010   Zero   RW          213    .bss                inv_mpu_dmp_motion_driver.o
    0x20000098        -       0x00000010   Zero   RW          717    .bss                main.o
    0x200000a8        -       0x00000054   Zero   RW          802    .bss                i2c.o
    0x200000fc        -       0x00000048   Zero   RW          844    .bss                usart.o
    0x20000144   0x080065a0   0x00000004   PAD
    0x20000148        -       0x00000400   Zero   RW            1    STACK               startup_stm32f446xx.o


==============================================================================

Image component sizes


      Code (inc. data)   RO Data    RW Data    ZI Data      Debug   Object Name

        60          6          0          0          0        843   gpio.o
       224         38          0          0         84       2273   i2c.o
      4848        202        602         44          0      27590   inv_mpu.o
      2022        120       3062          0         16      18325   inv_mpu_dmp_motion_driver.o
       908         78          0         64         16       3419   main.o
       492         32          9          0          0     694410   mpu6500.o
        36          8        452          0       1024        840   startup_stm32f446xx.o
       180         28          0         12          0       9301   stm32f4xx_hal.o
       172         14          0          0          0      33154   stm32f4xx_hal_cortex.o
       820         78          0          0          0       2470   stm32f4xx_hal_gpio.o
      2344         52          0          0          0      13943   stm32f4xx_hal_i2c.o
        48          6          0          0          0        866   stm32f4xx_hal_msp.o
       372         44          0          0          0       2926   stm32f4xx_hal_rcc.o
      1072         32          0          0          0       2826   stm32f4xx_hal_rcc_ex.o
       720         10          0          0          0       4880   stm32f4xx_hal_uart.o
        20          0          0          0          0       4202   stm32f4xx_it.o
        16          4         24          4          0       1139   system_stm32f4xx.o
       160         20          0          0         72       1726   usart.o

    ----------------------------------------------------------------------
     14538        772       4186        128       1216     825133   Object Totals
         0          0         32          0          0          0   (incl. Generated)
        24          0          5          4          4          0   (incl. Padding)

    ----------------------------------------------------------------------

      Code (inc. data)   RO Data    RW Data    ZI Data      Debug   Library Member Name

       864         94         80          0          0        280   asin.o
       744        106        152          0          0        352   atan.o
       512         64          0          0          0        208   atan2.o
       104         16          0          0          0        496   dunder.o
        44          0          0          0          0        248   fabs.o
        48          0          0          0          0        124   fpclassify.o
       248          0          0          0          0        152   poly.o
         0          0          8          0          0          0   qnan.o
       110          0          0          0          0        148   sqrt.o
         0          0          0          0          0          0   entry.o
         0          0          0          0          0          0   entry10a.o
         0          0          0          0          0          0   entry11a.o
         4          0          0          0          0          0   entry12b.o
         8          4          0          0          0          0   entry2.o
         4          0          0          0          0          0   entry5.o
         0          0          0          0          0          0   entry7b.o
         0          0          0          0          0          0   entry8b.o
         8          4          0          0          0          0   entry9a.o
        12          6          0          4          0         68   errno.o
        30          0          0          0          0          0   handlers.o
        36          8          0          0          0         68   init.o
         0          0          0          0          0          0   iusefp.o
        98          0          0          0          0         84   ldiv.o
        30          0          0          0          0         68   llshl.o
        36          0          0          0          0         68   llsshr.o
        32          0          0          0          0         68   llushr.o
        26          0          0          0          0         80   memcmp.o
        36          0          0          0          0        108   memseta.o
      2218         90          0          0          0        464   printfa.o
         0          0          0          4          0          0   stdout.o
        44          0          0          0          0         80   uidiv.o
        98          0          0          0          0         92   uldiv.o
        48          0          0          0          0         68   cdcmple.o
        48          0          0          0          0         68   cdrcmple.o
        56          0          0          0          0         88   d2f.o
       334          0          0          0          0        148   dadd.o
       222          0          0          0          0        100   ddiv.o
       186          0          0          0          0        176   depilogue.o
        48          0          0          0          0         68   dfixul.o
        34          0          0          0          0         76   dflti.o
       228          0          0          0          0         96   dmul.o
       162          0          0          0          0        100   dsqrt.o
        38          0          0          0          0         68   f2d.o
       110          0          0          0          0        168   fepilogue.o

    ----------------------------------------------------------------------
      6916        392        240          8          0       4480   Library Totals
         8          0          0          0          0          0   (incl. Padding)

    ----------------------------------------------------------------------

      Code (inc. data)   RO Data    RW Data    ZI Data      Debug   Library Name

      2674        280        240          0          0       2008   m_wm.l
      2720        112          0          8          0       1248   mc_w.l
      1514          0          0          0          0       1224   mf_w.l

    ----------------------------------------------------------------------
      6916        392        240          8          0       4480   Library Totals

    ----------------------------------------------------------------------

==============================================================================


      Code (inc. data)   RO Data    RW Data    ZI Data      Debug   

     21454       1164       4426        136       1216     817569   Grand Totals
     21454       1164       4426        136       1216     817569   ELF Image Totals
     21454       1164       4426        136          0          0   ROM Totals

==============================================================================

    Total RO  Size (Code + RO Data)                25880 (  25.27kB)
    Total RW  Size (RW Data + ZI Data)              1352 (   1.32kB)
    Total ROM Size (Code + RO Data + RW Data)      26016 (  25.41kB)

==============================================================================

